Product: MDK-ARM Standard 5.10
Component: ARM Compiler 5.04 update 1 (build 49)
Tool: armlink [5040049]

==============================================================================

Section Cross References

    startup_stm32f401xx.o(RESET) refers to startup_stm32f401xx.o(STACK) for __initial_sp
    startup_stm32f401xx.o(RESET) refers to startup_stm32f401xx.o(.text) for Reset_Handler
    startup_stm32f401xx.o(RESET) refers to stm32f4xx_it.o(i.NMI_Handler) for NMI_Handler
    startup_stm32f401xx.o(RESET) refers to stm32f4xx_it.o(i.HardFault_Handler) for HardFault_Handler
    startup_stm32f401xx.o(RESET) refers to stm32f4xx_it.o(i.MemManage_Handler) for MemManage_Handler
    startup_stm32f401xx.o(RESET) refers to stm32f4xx_it.o(i.BusFault_Handler) for BusFault_Handler
    startup_stm32f401xx.o(RESET) refers to stm32f4xx_it.o(i.UsageFault_Handler) for UsageFault_Handler
    startup_stm32f401xx.o(RESET) refers to stm32f4xx_it.o(i.SVC_Handler) for SVC_Handler
    startup_stm32f401xx.o(RESET) refers to stm32f4xx_it.o(i.DebugMon_Handler) for DebugMon_Handler
    startup_stm32f401xx.o(RESET) refers to stm32f4xx_it.o(i.PendSV_Handler) for PendSV_Handler
    startup_stm32f401xx.o(RESET) refers to stm32f4xx_it.o(i.SysTick_Handler) for SysTick_Handler
    startup_stm32f401xx.o(RESET) refers to main.o(i.TIM3_IRQHandler) for TIM3_IRQHandler
    startup_stm32f401xx.o(RESET) refers to tm_stm32f4_usart.o(i.USART1_IRQHandler) for USART1_IRQHandler
    startup_stm32f401xx.o(RESET) refers to tm_stm32f4_usart.o(i.USART2_IRQHandler) for USART2_IRQHandler
    startup_stm32f401xx.o(RESET) refers to usb_bsp.o(i.OTG_FS_WKUP_IRQHandler) for OTG_FS_WKUP_IRQHandler
    startup_stm32f401xx.o(RESET) refers to usb_bsp.o(i.OTG_FS_IRQHandler) for OTG_FS_IRQHandler
    startup_stm32f401xx.o(RESET) refers to tm_stm32f4_usart.o(i.USART6_IRQHandler) for USART6_IRQHandler
    startup_stm32f401xx.o(.text) refers to system_stm32f4xx.o(i.SystemInit) for SystemInit
    startup_stm32f401xx.o(.text) refers to entry.o(.ARM.Collect$$$$00000000) for __main
    stm32f401_discovery.o(i.STM_EVAL_LEDInit) refers to stm32f4xx_rcc.o(i.RCC_AHB1PeriphClockCmd) for RCC_AHB1PeriphClockCmd
    stm32f401_discovery.o(i.STM_EVAL_LEDInit) refers to stm32f4xx_gpio.o(i.GPIO_Init) for GPIO_Init
    stm32f401_discovery.o(i.STM_EVAL_LEDInit) refers to stm32f401_discovery.o(.constdata) for .constdata
    stm32f401_discovery.o(i.STM_EVAL_LEDInit) refers to stm32f401_discovery.o(.data) for .data
    stm32f401_discovery.o(i.STM_EVAL_LEDOff) refers to stm32f401_discovery.o(.constdata) for .constdata
    stm32f401_discovery.o(i.STM_EVAL_LEDOff) refers to stm32f401_discovery.o(.data) for .data
    stm32f401_discovery.o(i.STM_EVAL_LEDOn) refers to stm32f401_discovery.o(.constdata) for .constdata
    stm32f401_discovery.o(i.STM_EVAL_LEDOn) refers to stm32f401_discovery.o(.data) for .data
    stm32f401_discovery.o(i.STM_EVAL_LEDToggle) refers to stm32f401_discovery.o(.data) for .data
    stm32f401_discovery.o(i.STM_EVAL_LEDToggle) refers to stm32f401_discovery.o(.constdata) for .constdata
    stm32f401_discovery.o(i.STM_EVAL_PBGetState) refers to stm32f4xx_gpio.o(i.GPIO_ReadInputDataBit) for GPIO_ReadInputDataBit
    stm32f401_discovery.o(i.STM_EVAL_PBGetState) refers to stm32f401_discovery.o(.constdata) for .constdata
    stm32f401_discovery.o(i.STM_EVAL_PBGetState) refers to stm32f401_discovery.o(.data) for .data
    stm32f401_discovery.o(i.STM_EVAL_PBInit) refers to stm32f4xx_rcc.o(i.RCC_AHB1PeriphClockCmd) for RCC_AHB1PeriphClockCmd
    stm32f401_discovery.o(i.STM_EVAL_PBInit) refers to stm32f4xx_rcc.o(i.RCC_APB2PeriphClockCmd) for RCC_APB2PeriphClockCmd
    stm32f401_discovery.o(i.STM_EVAL_PBInit) refers to stm32f4xx_gpio.o(i.GPIO_Init) for GPIO_Init
    stm32f401_discovery.o(i.STM_EVAL_PBInit) refers to stm32f4xx_syscfg.o(i.SYSCFG_EXTILineConfig) for SYSCFG_EXTILineConfig
    stm32f401_discovery.o(i.STM_EVAL_PBInit) refers to stm32f4xx_exti.o(i.EXTI_Init) for EXTI_Init
    stm32f401_discovery.o(i.STM_EVAL_PBInit) refers to misc.o(i.NVIC_Init) for NVIC_Init
    stm32f401_discovery.o(i.STM_EVAL_PBInit) refers to stm32f401_discovery.o(.constdata) for .constdata
    stm32f401_discovery.o(i.STM_EVAL_PBInit) refers to stm32f401_discovery.o(.data) for .data
    stm32f4xx_gpio.o(i.GPIO_DeInit) refers to stm32f4xx_rcc.o(i.RCC_AHB1PeriphResetCmd) for RCC_AHB1PeriphResetCmd
    stm32f4xx_rcc.o(i.RCC_GetClocksFreq) refers to stm32f4xx_rcc.o(.data) for .data
    stm32f4xx_rcc.o(i.RCC_WaitForHSEStartUp) refers to stm32f4xx_rcc.o(i.RCC_GetFlagStatus) for RCC_GetFlagStatus
    stm32f4xx_syscfg.o(i.SYSCFG_DeInit) refers to stm32f4xx_rcc.o(i.RCC_APB2PeriphResetCmd) for RCC_APB2PeriphResetCmd
    stm32f4xx_usart.o(i.USART_DeInit) refers to stm32f4xx_rcc.o(i.RCC_APB2PeriphResetCmd) for RCC_APB2PeriphResetCmd
    stm32f4xx_usart.o(i.USART_DeInit) refers to stm32f4xx_rcc.o(i.RCC_APB1PeriphResetCmd) for RCC_APB1PeriphResetCmd
[...]
    i.OTG_FS_IRQHandler                      0x08001360   Section        0  usb_bsp.o(i.OTG_FS_IRQHandler)
    i.OTG_FS_WKUP_IRQHandler                 0x0800136c   Section        0  usb_bsp.o(i.OTG_FS_WKUP_IRQHandler)
    i.PendSV_Handler                         0x08001374   Section        0  stm32f4xx_it.o(i.PendSV_Handler)
    i.RCC_AHB1PeriphClockCmd                 0x08001378   Section        0  stm32f4xx_rcc.o(i.RCC_AHB1PeriphClockCmd)
    i.RCC_AHB2PeriphClockCmd                 0x08001390   Section        0  stm32f4xx_rcc.o(i.RCC_AHB2PeriphClockCmd)
    i.RCC_APB1PeriphClockCmd                 0x080013a8   Section        0  stm32f4xx_rcc.o(i.RCC_APB1PeriphClockCmd)
    i.RCC_APB2PeriphClockCmd                 0x080013c0   Section        0  stm32f4xx_rcc.o(i.RCC_APB2PeriphClockCmd)
    i.RCC_GetClocksFreq                      0x080013d8   Section        0  stm32f4xx_rcc.o(i.RCC_GetClocksFreq)
    i.SVC_Handler                            0x08001468   Section        0  stm32f4xx_it.o(i.SVC_Handler)
    i.SetSysClock                            0x0800146c   Section        0  system_stm32f4xx.o(i.SetSysClock)
    SetSysClock                              0x0800146d   Thumb Code   160  system_stm32f4xx.o(i.SetSysClock)
    i.SysTick_Handler                        0x0800151c   Section        0  stm32f4xx_it.o(i.SysTick_Handler)
    i.SystemInit                             0x08001520   Section        0  system_stm32f4xx.o(i.SystemInit)
    i.TIM3_IRQHandler                        0x0800157c   Section        0  main.o(i.TIM3_IRQHandler)
    i.TIM_ClearITPendingBit                  0x080016fc   Section        0  stm32f4xx_tim.o(i.TIM_ClearITPendingBit)
    i.TIM_Cmd                                0x08001702   Section        0  stm32f4xx_tim.o(i.TIM_Cmd)
    i.TIM_GetITStatus                        0x08001716   Section        0  stm32f4xx_tim.o(i.TIM_GetITStatus)
    i.TIM_ITConfig                           0x0800172e   Section        0  stm32f4xx_tim.o(i.TIM_ITConfig)
    i.TIM_TimeBaseInit                       0x08001740   Section        0  stm32f4xx_tim.o(i.TIM_TimeBaseInit)
    i.TM_ADC_INT_Channel_14_Init             0x080017bc   Section        0  tm_stm32f4_adc.o(i.TM_ADC_INT_Channel_14_Init)
    i.TM_ADC_INT_Channel_15_Init             0x080017f4   Section        0  tm_stm32f4_adc.o(i.TM_ADC_INT_Channel_15_Init)
    i.TM_ADC_INT_Channel_4_Init              0x0800182c   Section        0  tm_stm32f4_adc.o(i.TM_ADC_INT_Channel_4_Init)
    i.TM_ADC_INT_Channel_5_Init              0x08001864   Section        0  tm_stm32f4_adc.o(i.TM_ADC_INT_Channel_5_Init)
    i.TM_ADC_INT_Channel_6_Init              0x0800189c   Section        0  tm_stm32f4_adc.o(i.TM_ADC_INT_Channel_6_Init)
    i.TM_ADC_INT_Channel_7_Init              0x080018d4   Section        0  tm_stm32f4_adc.o(i.TM_ADC_INT_Channel_7_Init)
    i.TM_ADC_INT_Channel_8_Init              0x0800190c   Section        0  tm_stm32f4_adc.o(i.TM_ADC_INT_Channel_8_Init)
    i.TM_ADC_INT_Channel_9_Init              0x08001944   Section        0  tm_stm32f4_adc.o(i.TM_ADC_INT_Channel_9_Init)
    i.TM_ADC_INT_InitPin                     0x0800197c   Section        0  tm_stm32f4_adc.o(i.TM_ADC_INT_InitPin)
    i.TM_ADC_Init                            0x08001990   Section        0  tm_stm32f4_adc.o(i.TM_ADC_Init)
    i.TM_ADC_InitADC                         0x08001a3c   Section        0  tm_stm32f4_adc.o(i.TM_ADC_InitADC)
    i.TM_ADC_Read                            0x08001abc   Section        0  tm_stm32f4_adc.o(i.TM_ADC_Read)
    i.TM_GPIO_INT_EnableClock                0x08001adc   Section        0  tm_stm32f4_gpio.o(i.TM_GPIO_INT_EnableClock)
    TM_GPIO_INT_EnableClock                  0x08001add   Thumb Code   190  tm_stm32f4_gpio.o(i.TM_GPIO_INT_EnableClock)
    i.TM_GPIO_Init                           0x08001bcc   Section        0  tm_stm32f4_gpio.o(i.TM_GPIO_Init)
    i.TM_I2C_Start                           0x08001c04   Section        0  tm_stm32f4_i2c.o(i.TM_I2C_Start)
    i.TM_I2C_Stop                            0x08001ca0   Section        0  tm_stm32f4_i2c.o(i.TM_I2C_Stop)
    i.TM_I2C_Write                           0x08001cd8   Section        0  tm_stm32f4_i2c.o(i.TM_I2C_Write)
    i.TM_I2C_WriteData                       0x08001d04   Section        0  tm_stm32f4_i2c.o(i.TM_I2C_WriteData)
    i.TM_INT_USB_VCP_AddReceived             0x08001d28   Section        0  tm_stm32f4_usb_vcp.o(i.TM_INT_USB_VCP_AddReceived)
    i.TM_USART_INT_InsertToBuffer            0x08001d58   Section        0  tm_stm32f4_usart.o(i.TM_USART_INT_InsertToBuffer)
    i.TM_USART_Putc                          0x08001d7e   Section        0  tm_stm32f4_usart.o(i.TM_USART_Putc)
    i.TM_USB_VCP_GetStatus                   0x08001d98   Section        0  tm_stm32f4_usb_vcp.o(i.TM_USB_VCP_GetStatus)
    i.TM_USB_VCP_Init                        0x08001db0   Section        0  tm_stm32f4_usb_vcp.o(i.TM_USB_VCP_Init)
    i.TM_USB_VCP_Putc                        0x08001de8   Section        0  tm_stm32f4_usb_vcp.o(i.TM_USB_VCP_Putc)
    i.USART1_IRQHandler                      0x08001e00   Section        0  tm_stm32f4_usart.o(i.USART1_IRQHandler)
    i.USART2_IRQHandler                      0x08001e2c   Section        0  tm_stm32f4_usart.o(i.USART2_IRQHandler)
    i.USART6_IRQHandler                      0x08001e58   Section        0  tm_stm32f4_usart.o(i.USART6_IRQHandler)
    i.USART_Cmd                              0x08001e84   Section        0  stm32f4xx_usart.o(i.USART_Cmd)
    i.USART_GetFlagStatus                    0x08001e98   Section        0  stm32f4xx_usart.o(i.USART_GetFlagStatus)
    i.USART_GetITStatus                      0x08001ea6   Section        0  stm32f4xx_usart.o(i.USART_GetITStatus)
    i.USART_Init                             0x08001ee4   Section        0  stm32f4xx_usart.o(i.USART_Init)
    i.USBD_ClrCfg                            0x08001f90   Section        0  usbd_core.o(i.USBD_ClrCfg)
    i.USBD_CtlContinueRx                     0x08001f9e   Section        0  usbd_ioreq.o(i.USBD_CtlContinueRx)
    i.USBD_CtlContinueSendData               0x08001fb0   Section        0  usbd_ioreq.o(i.USBD_CtlContinueSendData)
    i.USBD_CtlError                          0x08001fc2   Section        0  usbd_req.o(i.USBD_CtlError)
    i.USBD_CtlPrepareRx                      0x08001fde   Section        0  usbd_ioreq.o(i.USBD_CtlPrepareRx)
    i.USBD_CtlReceiveStatus                  0x08001ffe   Section        0  usbd_ioreq.o(i.USBD_CtlReceiveStatus)
    i.USBD_CtlSendData                       0x08002020   Section        0  usbd_ioreq.o(i.USBD_CtlSendData)
    i.USBD_CtlSendStatus                     0x08002040   Section        0  usbd_ioreq.o(i.USBD_CtlSendStatus)
    i.USBD_DataInStage                       0x08002064   Section        0  usbd_core.o(i.USBD_DataInStage)
    USBD_DataInStage                         0x08002065   Thumb Code   172  usbd_core.o(i.USBD_DataInStage)
    i.USBD_DataOutStage                      0x08002114   Section        0  usbd_core.o(i.USBD_DataOutStage)
    USBD_DataOutStage                        0x08002115   Thumb Code   120  usbd_core.o(i.USBD_DataOutStage)
    i.USBD_GetDescriptor                     0x0800218c   Section        0  usbd_req.o(i.USBD_GetDescriptor)
    USBD_GetDescriptor                       0x0800218d   Thumb Code   206  usbd_req.o(i.USBD_GetDescriptor)
    i.USBD_GetString                         0x0800225a   Section        0  usbd_req.o(i.USBD_GetString)
    i.USBD_Init                              0x080022a0   Section        0  usbd_core.o(i.USBD_Init)
    i.USBD_IsoINIncomplete                   0x080022d4   Section        0  usbd_core.o(i.USBD_IsoINIncomplete)
    USBD_IsoINIncomplete                     0x080022d5   Thumb Code    14  usbd_core.o(i.USBD_IsoINIncomplete)
    i.USBD_IsoOUTIncomplete                  0x080022e2   Section        0  usbd_core.o(i.USBD_IsoOUTIncomplete)
    USBD_IsoOUTIncomplete                    0x080022e3   Thumb Code    14  usbd_core.o(i.USBD_IsoOUTIncomplete)
    i.USBD_OTG_ISR_Handler                   0x080022f0   Section        0  usb_dcd_int.o(i.USBD_OTG_ISR_Handler)
    i.USBD_ParseSetupRequest                 0x0800243c   Section        0  usbd_req.o(i.USBD_ParseSetupRequest)
    i.USBD_Reset                             0x08002480   Section        0  usbd_core.o(i.USBD_Reset)
    USBD_Reset                               0x08002481   Thumb Code    46  usbd_core.o(i.USBD_Reset)
    i.USBD_Resume                            0x080024ae   Section        0  usbd_core.o(i.USBD_Resume)
    USBD_Resume                              0x080024af   Thumb Code    22  usbd_core.o(i.USBD_Resume)
    i.USBD_SOF                               0x080024c4   Section        0  usbd_core.o(i.USBD_SOF)
    USBD_SOF                                 0x080024c5   Thumb Code    16  usbd_core.o(i.USBD_SOF)
    i.USBD_SetCfg                            0x080024d4   Section        0  usbd_core.o(i.USBD_SetCfg)
    i.USBD_SetConfig                         0x080024f0   Section        0  usbd_req.o(i.USBD_SetConfig)
    USBD_SetConfig                           0x080024f1   Thumb Code   112  usbd_req.o(i.USBD_SetConfig)
    i.USBD_SetFeature                        0x08002564   Section        0  usbd_req.o(i.USBD_SetFeature)
    USBD_SetFeature                          0x08002565   Thumb Code   118  usbd_req.o(i.USBD_SetFeature)
    i.USBD_SetupStage                        0x080025e0   Section        0  usbd_core.o(i.USBD_SetupStage)
    USBD_SetupStage                          0x080025e1   Thumb Code    72  usbd_core.o(i.USBD_SetupStage)
    i.USBD_StdDevReq                         0x08002628   Section        0  usbd_req.o(i.USBD_StdDevReq)
    i.USBD_StdEPReq                          0x08002718   Section        0  usbd_req.o(i.USBD_StdEPReq)
    i.USBD_StdItfReq                         0x080027ec   Section        0  usbd_req.o(i.USBD_StdItfReq)
    i.USBD_Suspend                           0x08002822   Section        0  usbd_core.o(i.USBD_Suspend)
    USBD_Suspend                             0x08002823   Thumb Code    28  usbd_core.o(i.USBD_Suspend)
    i.USBD_USR_ConfigStrDescriptor           0x08002840   Section        0  usbd_desc.o(i.USBD_USR_ConfigStrDescriptor)
    i.USBD_USR_DeviceConfigured              0x08002860   Section        0  usbd_usr.o(i.USBD_USR_DeviceConfigured)
    i.USBD_USR_DeviceConnected               0x0800286c   Section        0  usbd_usr.o(i.USBD_USR_DeviceConnected)
    i.USBD_USR_DeviceDescriptor              0x08002878   Section        0  usbd_desc.o(i.USBD_USR_DeviceDescriptor)
    i.USBD_USR_DeviceDisconnected            0x08002884   Section        0  usbd_usr.o(i.USBD_USR_DeviceDisconnected)
    i.USBD_USR_DeviceReset                   0x08002890   Section        0  usbd_usr.o(i.USBD_USR_DeviceReset)
    i.USBD_USR_DeviceResumed                 0x0800289c   Section        0  usbd_usr.o(i.USBD_USR_DeviceResumed)
    i.USBD_USR_DeviceSuspended               0x080028a8   Section        0  usbd_usr.o(i.USBD_USR_DeviceSuspended)
    i.USBD_USR_Init                          0x080028b4   Section        0  usbd_usr.o(i.USBD_USR_Init)
    i.USBD_USR_InterfaceStrDescriptor        0x080028c0   Section        0  usbd_desc.o(i.USBD_USR_InterfaceStrDescriptor)
    i.USBD_USR_LangIDStrDescriptor           0x080028e4   Section        0  usbd_desc.o(i.USBD_USR_LangIDStrDescriptor)
    i.USBD_USR_ManufacturerStrDescriptor     0x080028f0   Section        0  usbd_desc.o(i.USBD_USR_ManufacturerStrDescriptor)
    i.USBD_USR_ProductStrDescriptor          0x08002918   Section        0  usbd_desc.o(i.USBD_USR_ProductStrDescriptor)
    i.USBD_USR_SerialStrDescriptor           0x08002950   Section        0  usbd_desc.o(i.USBD_USR_SerialStrDescriptor)
    i.USBD_cdc_GetCfgDesc                    0x08002974   Section        0  usbd_cdc_core.o(i.USBD_cdc_GetCfgDesc)
    USBD_cdc_GetCfgDesc                      0x08002975   Thumb Code     8  usbd_cdc_core.o(i.USBD_cdc_GetCfgDesc)
    i.USB_OTG_BSP_EnableInterrupt            0x08002980   Section        0  usb_bsp.o(i.USB_OTG_BSP_EnableInterrupt)
    i.USB_OTG_BSP_Init                       0x080029a8   Section        0  usb_bsp.o(i.USB_OTG_BSP_Init)
    i.USB_OTG_BSP_mDelay                     0x08002a48   Section        0  usb_bsp.o(i.USB_OTG_BSP_mDelay)
    i.USB_OTG_BSP_uDelay                     0x08002a52   Section        0  usb_bsp.o(i.USB_OTG_BSP_uDelay)
    i.USB_OTG_CoreInit                       0x08002a68   Section        0  usb_core.o(i.USB_OTG_CoreInit)
    i.USB_OTG_CoreInitDev                    0x08002ae8   Section        0  usb_core.o(i.USB_OTG_CoreInitDev)
    i.USB_OTG_CoreReset                      0x08002c18   Section        0  usb_core.o(i.USB_OTG_CoreReset)
    USB_OTG_CoreReset                        0x08002c19   Thumb Code    84  usb_core.o(i.USB_OTG_CoreReset)
    i.USB_OTG_DisableGlobalInt               0x08002c70   Section        0  usb_core.o(i.USB_OTG_DisableGlobalInt)
    i.USB_OTG_EP0Activate                    0x08002c80   Section        0  usb_core.o(i.USB_OTG_EP0Activate)
    i.USB_OTG_EP0StartXfer                   0x08002cbc   Section        0  usb_core.o(i.USB_OTG_EP0StartXfer)
    i.USB_OTG_EP0_OutStart                   0x08002d74   Section        0  usb_core.o(i.USB_OTG_EP0_OutStart)
    i.USB_OTG_EPActivate                     0x08002d98   Section        0  usb_core.o(i.USB_OTG_EPActivate)
    i.USB_OTG_EPClearStall                   0x08002dea   Section        0  usb_core.o(i.USB_OTG_EPClearStall)
    i.USB_OTG_EPDeactivate                   0x08002e1c   Section        0  usb_core.o(i.USB_OTG_EPDeactivate)
    i.USB_OTG_EPSetStall                     0x08002e50   Section        0  usb_core.o(i.USB_OTG_EPSetStall)
    i.USB_OTG_EPStartXfer                    0x08002e80   Section        0  usb_core.o(i.USB_OTG_EPStartXfer)
    i.USB_OTG_EnableDevInt                   0x08002fa0   Section        0  usb_core.o(i.USB_OTG_EnableDevInt)
    i.USB_OTG_EnableGlobalInt                0x08002fe8   Section        0  usb_core.o(i.USB_OTG_EnableGlobalInt)
    i.USB_OTG_FlushRxFifo                    0x08002ff8   Section        0  usb_core.o(i.USB_OTG_FlushRxFifo)
    i.USB_OTG_FlushTxFifo                    0x08003030   Section        0  usb_core.o(i.USB_OTG_FlushTxFifo)
    i.USB_OTG_GetDeviceSpeed                 0x08003070   Section        0  usb_core.o(i.USB_OTG_GetDeviceSpeed)
    i.USB_OTG_InitDevSpeed                   0x08003096   Section        0  usb_core.o(i.USB_OTG_InitDevSpeed)
    i.USB_OTG_IsDeviceMode                   0x080030a2   Section        0  usb_core.o(i.USB_OTG_IsDeviceMode)
    i.USB_OTG_ReadCoreItr                    0x080030b4   Section        0  usb_core.o(i.USB_OTG_ReadCoreItr)
    i.USB_OTG_ReadDevAllInEPItr              0x080030be   Section        0  usb_core.o(i.USB_OTG_ReadDevAllInEPItr)
    i.USB_OTG_ReadDevAllOutEp_itr            0x080030ca   Section        0  usb_core.o(i.USB_OTG_ReadDevAllOutEp_itr)
    i.USB_OTG_ReadDevOutEP_itr               0x080030d6   Section        0  usb_core.o(i.USB_OTG_ReadDevOutEP_itr)
    i.USB_OTG_ReadPacket                     0x080030e6   Section        0  usb_core.o(i.USB_OTG_ReadPacket)
    i.USB_OTG_SelectCore                     0x08003108   Section        0  usb_core.o(i.USB_OTG_SelectCore)
    i.USB_OTG_SetCurrentMode                 0x080031c8   Section        0  usb_core.o(i.USB_OTG_SetCurrentMode)
    i.USB_OTG_WritePacket                    0x080031f2   Section        0  usb_core.o(i.USB_OTG_WritePacket)
    i.UsageFault_Handler                     0x0800321a   Section        0  stm32f4xx_it.o(i.UsageFault_Handler)
    i.VCP_Ctrl                               0x0800321c   Section        0  usbd_cdc_vcp.o(i.VCP_Ctrl)
    VCP_Ctrl                                 0x0800321d   Thumb Code    82  usbd_cdc_vcp.o(i.VCP_Ctrl)
    i.VCP_DataRx                             0x08003274   Section        0  usbd_cdc_vcp.o(i.VCP_DataRx)
    i.VCP_DataTx                             0x08003290   Section        0  usbd_cdc_vcp.o(i.VCP_DataTx)
    i.VCP_DeInit                             0x080032c4   Section        0  usbd_cdc_vcp.o(i.VCP_DeInit)
    VCP_DeInit                               0x080032c5   Thumb Code     4  usbd_cdc_vcp.o(i.VCP_DeInit)
    i.VCP_Init                               0x080032c8   Section        0  usbd_cdc_vcp.o(i.VCP_Init)
    VCP_Init                                 0x080032c9   Thumb Code     4  usbd_cdc_vcp.o(i.VCP_Init)
    i.__hardfp_sqrt                          0x080032cc   Section        0  sqrt.o(i.__hardfp_sqrt)
    i.__scatterload_copy                     0x08003346   Section       14  handlers.o(i.__scatterload_copy)
    i.__scatterload_null                     0x08003354   Section        2  handlers.o(i.__scatterload_null)
    i.__scatterload_zeroinit                 0x08003356   Section       14  handlers.o(i.__scatterload_zeroinit)
    i.__set_errno                            0x08003364   Section        0  errno.o(i.__set_errno)
    i.getsample                              0x08003370   Section        0  main.o(i.getsample)
    i.ltsamp                                 0x08003380   Section        0  main.o(i.ltsamp)
    i.main                                   0x0800348c   Section        0  main.o(i.main)
    i.qrs_detect                             0x08003514   Section        0  main.o(i.qrs_detect)
    i.readValue                              0x080035dc   Section        0  main.o(i.readValue)
    i.usbd_cdc_DataIn                        0x0800366c   Section        0  usbd_cdc_core.o(i.usbd_cdc_DataIn)
    usbd_cdc_DataIn                          0x0800366d   Thumb Code    64  usbd_cdc_core.o(i.usbd_cdc_DataIn)
    i.usbd_cdc_DataOut                       0x080036b4   Section        0  usbd_cdc_core.o(i.usbd_cdc_DataOut)
    usbd_cdc_DataOut                         0x080036b5   Thumb Code    42  usbd_cdc_core.o(i.usbd_cdc_DataOut)
    i.usbd_cdc_DeInit                        0x080036e8   Section        0  usbd_cdc_core.o(i.usbd_cdc_DeInit)
    usbd_cdc_DeInit                          0x080036e9   Thumb Code    36  usbd_cdc_core.o(i.usbd_cdc_DeInit)
    i.usbd_cdc_EP0_RxReady                   0x08003710   Section        0  usbd_cdc_core.o(i.usbd_cdc_EP0_RxReady)
    usbd_cdc_EP0_RxReady                     0x08003711   Thumb Code    30  usbd_cdc_core.o(i.usbd_cdc_EP0_RxReady)
    i.usbd_cdc_Init                          0x08003738   Section        0  usbd_cdc_core.o(i.usbd_cdc_Init)
    usbd_cdc_Init                            0x08003739   Thumb Code    70  usbd_cdc_core.o(i.usbd_cdc_Init)
    i.usbd_cdc_SOF                           0x0800378c   Section        0  usbd_cdc_core.o(i.usbd_cdc_SOF)
    usbd_cdc_SOF                             0x0800378d   Thumb Code    26  usbd_cdc_core.o(i.usbd_cdc_SOF)
    i.usbd_cdc_Setup                         0x080037ac   Section        0  usbd_cdc_core.o(i.usbd_cdc_Setup)
    usbd_cdc_Setup                           0x080037ad   Thumb Code   172  usbd_cdc_core.o(i.usbd_cdc_Setup)
    i.writeReg                               0x08003860   Section        0  main.o(i.writeReg)
    .data                                    0x20000000   Section       16  stm32f4xx_rcc.o(.data)
    APBAHBPrescTable                         0x20000000   Data          16  stm32f4xx_rcc.o(.data)
    .data                                    0x20000010   Section       44  tm_stm32f4_usart.o(.data)
    .data                                    0x2000003c   Section        8  tm_stm32f4_gpio.o(.data)
    GPIO_InitStruct                          0x2000003c   Data           8  tm_stm32f4_gpio.o(.data)
    .data                                    0x20000044   Section      107  usbd_cdc_core.o(.data)
    usbd_cdc_AltSet                          0x20000048   Data           4  usbd_cdc_core.o(.data)
    cdcCmd                                   0x20000058   Data           4  usbd_cdc_core.o(.data)
    cdcLen                                   0x2000005c   Data           4  usbd_cdc_core.o(.data)
    FrameCount                               0x20000060   Data           4  usbd_cdc_core.o(.data)
    .data                                    0x200000b0   Section       44  usbd_cdc_core.o(.data)
    .data                                    0x200000dc   Section        8  usbd_cdc_vcp.o(.data)
    .data                                    0x200000e4   Section       20  usbd_cdc_vcp.o(.data)
    .data                                    0x200000f8   Section       44  usbd_core.o(.data)
    .data                                    0x20000124   Section        4  usbd_core.o(.data)
    .data                                    0x20000128   Section        4  usbd_core.o(.data)
    .data                                    0x2000012c   Section       28  usbd_desc.o(.data)
    .data                                    0x20000148   Section       22  usbd_desc.o(.data)
    .data                                    0x20000160   Section       16  usbd_req.o(.data)
    cfgidx                                   0x20000160   Data           1  usbd_req.o(.data)
    .data                                    0x20000170   Section        1  usbd_usr.o(.data)
    .data                                    0x20000174   Section       28  usbd_usr.o(.data)
    .data                                    0x20000190   Section       16  tm_stm32f4_usb_vcp.o(.data)
    .data                                    0x200001a0   Section       16  tm_stm32f4_i2c.o(.data)
    TM_I2C_Timeout                           0x200001a0   Data           4  tm_stm32f4_i2c.o(.data)
    TM_I2C_INT_Clocks                        0x200001a4   Data          12  tm_stm32f4_i2c.o(.data)
    .data                                    0x200001b0   Section      144  main.o(.data)
    LT_count                                 0x200001cc   Data           4  main.o(.data)
    jump_state                               0x200001d0   Data           4  main.o(.data)
    jump_count                               0x200001d4   Data           4  main.o(.data)
    L_state                                  0x200001d8   Data           4  main.o(.data)
    T0                                       0x200001dc   Data           4  main.o(.data)
    T1                                       0x200001e0   Data           4  main.o(.data)
    Ta                                       0x200001e4   Data           4  main.o(.data)
    LT_data                                  0x200001e8   Data           4  main.o(.data)
    tt                                       0x200001ec   Data           4  main.o(.data)
    Yn                                       0x200001f0   Data           4  main.o(.data)
    Yn1                                      0x200001f4   Data           4  main.o(.data)
    Yn2                                      0x200001f8   Data           4  main.o(.data)
    buf_state                                0x200001fc   Data           4  main.o(.data)
    aet                                      0x20000200   Data           4  main.o(.data)
    et                                       0x20000204   Data           4  main.o(.data)
    .data                                    0x20000240   Section        4  errno.o(.data)
    _errno                                   0x20000240   Data           4  errno.o(.data)
    .bss                                     0x20000244   Section       32  tm_stm32f4_usart.o(.bss)
    .bss                                     0x20000264   Section       32  tm_stm32f4_usart.o(.bss)
    .bss                                     0x20000284   Section       32  tm_stm32f4_usart.o(.bss)
    .bss                                     0x200002a4   Section     2112  usbd_cdc_core.o(.bss)
    .bss                                     0x20000ae4   Section      255  usbd_req.o(.bss)
    .bss                                     0x20000be4   Section     1652  tm_stm32f4_usb_vcp.o(.bss)
    .bss                                     0x20001258   Section     4644  main.o(.bss)
    STACK                                    0x20002480   Section     1024  startup_stm32f401xx.o(STACK)

    Global Symbols

    Symbol Name                              Value     Ov Type        Size  Object(Section)

    BuildAttributes$$THM_ISAv4$E$P$D$K$B$S$7EM$VFPi3$EXTD16$VFPS$VFMA$PE$A:L22UL41UL21$X:L11$S22US41US21$IEEE1$IW$USESV6$~STKCKD$USESV7$~SHL$OTIME$ROPI$IEEEJ$EBA8$MICROLIB$REQ8$PRES8$EABIv2 0x00000000   Number         0  anon$$obj.o ABSOLUTE
    __ARM_use_no_argv                        0x00000000   Number         0  main.o ABSOLUTE
    _printf_a                                0x00000000   Number         0  stubs.o ABSOLUTE
    _printf_c                                0x00000000   Number         0  stubs.o ABSOLUTE
    _printf_charcount                        0x00000000   Number         0  stubs.o ABSOLUTE
    _printf_d                                0x00000000   Number         0  stubs.o ABSOLUTE
    _printf_e                                0x00000000   Number         0  stubs.o ABSOLUTE
    _printf_f                                0x00000000   Number         0  stubs.o ABSOLUTE
    _printf_flags                            0x00000000   Number         0  stubs.o ABSOLUTE
    _printf_fp_dec                           0x00000000   Number         0  stubs.o ABSOLUTE
    _printf_fp_hex                           0x00000000   Number         0  stubs.o ABSOLUTE
    _printf_g                                0x00000000   Number         0  stubs.o ABSOLUTE
    _printf_i                                0x00000000   Number         0  stubs.o ABSOLUTE
    _printf_int_dec                          0x00000000   Number         0  stubs.o ABSOLUTE
    _printf_l                                0x00000000   Number         0  stubs.o ABSOLUTE
    _printf_lc                               0x00000000   Number         0  stubs.o ABSOLUTE
    _printf_ll                               0x00000000   Number         0  stubs.o ABSOLUTE
    _printf_lld                              0x00000000   Number         0  stubs.o ABSOLUTE
    _printf_lli                              0x00000000   Number         0  stubs.o ABSOLUTE
    _printf_llo                              0x00000000   Number         0  stubs.o ABSOLUTE
    _printf_llu                              0x00000000   Number         0  stubs.o ABSOLUTE
    _printf_llx                              0x00000000   Number         0  stubs.o ABSOLUTE
    _printf_longlong_dec                     0x00000000   Number         0  stubs.o ABSOLUTE
    _printf_longlong_hex                     0x00000000   Number         0  stubs.o ABSOLUTE
    _printf_longlong_oct                     0x00000000   Number         0  stubs.o ABSOLUTE
    _printf_ls                               0x00000000   Number         0  stubs.o ABSOLUTE
    _printf_mbtowc                           0x00000000   Number         0  stubs.o ABSOLUTE
    _printf_n                                0x00000000   Number         0  stubs.o ABSOLUTE
    _printf_o                                0x00000000   Number         0  stubs.o ABSOLUTE
    _printf_p                                0x00000000   Number         0  stubs.o ABSOLUTE
    _printf_percent                          0x00000000   Number         0  stubs.o ABSOLUTE
    _printf_pre_padding                      0x00000000   Number         0  stubs.o ABSOLUTE
    _printf_return_value                     0x00000000   Number         0  stubs.o ABSOLUTE
    _printf_s                                0x00000000   Number         0  stubs.o ABSOLUTE
    _printf_sizespec                         0x00000000   Number         0  stubs.o ABSOLUTE
    _printf_str                              0x00000000   Number         0  stubs.o ABSOLUTE
    _printf_truncate_signed                  0x00000000   Number         0  stubs.o ABSOLUTE
    _printf_truncate_unsigned                0x00000000   Number         0  stubs.o ABSOLUTE
    _printf_u                                0x00000000   Number         0  stubs.o ABSOLUTE
    _printf_wc                               0x00000000   Number         0  stubs.o ABSOLUTE
    _printf_wctomb                           0x00000000   Number         0  stubs.o ABSOLUTE
    _printf_widthprec                        0x00000000   Number         0  stubs.o ABSOLUTE
    _printf_x                                0x00000000   Number         0  stubs.o ABSOLUTE
    TM_I2C_InitCustomPinsCallback             - Undefined Weak Reference
    __cpp_initialize__aeabi_                  - Undefined Weak Reference
    __cxa_finalize                            - Undefined Weak Reference
    _clock_init                               - Undefined Weak Reference
    _microlib_exit                            - Undefined Weak Reference
    __Vectors_Size                           0x00000188   Number         0  startup_stm32f401xx.o ABSOLUTE
    __Vectors                                0x08000000   Data           4  startup_stm32f401xx.o(RESET)
    __Vectors_End                            0x08000188   Data           0  startup_stm32f401xx.o(RESET)
    __main                                   0x08000189   Thumb Code     0  entry.o(.ARM.Collect$$$$00000000)
    _main_stk                                0x08000189   Thumb Code     0  entry2.o(.ARM.Collect$$$$00000001)
    _main_scatterload                        0x0800018d   Thumb Code     0  entry5.o(.ARM.Collect$$$$00000004)
    __main_after_scatterload                 0x08000191   Thumb Code     0  entry5.o(.ARM.Collect$$$$00000004)
    _main_clock                              0x08000191   Thumb Code     0  entry7b.o(.ARM.Collect$$$$00000008)
    _main_cpp_init                           0x08000191   Thumb Code     0  entry8b.o(.ARM.Collect$$$$0000000A)
    _main_init                               0x08000191   Thumb Code     0  entry9a.o(.ARM.Collect$$$$0000000B)
    __rt_final_cpp                           0x08000199   Thumb Code     0  entry10a.o(.ARM.Collect$$$$0000000D)
    __rt_final_exit                          0x08000199   Thumb Code     0  entry11a.o(.ARM.Collect$$$$0000000F)
    Reset_Handler                            0x0800019d   Thumb Code     8  startup_stm32f401xx.o(.text)
    ADC_IRQHandler                           0x080001b7   Thumb Code     0  startup_stm32f401xx.o(.text)
    DMA1_Stream0_IRQHandler                  0x080001b7   Thumb Code     0  startup_stm32f401xx.o(.text)
    DMA1_Stream1_IRQHandler                  0x080001b7   Thumb Code     0  startup_stm32f401xx.o(.text)
    DMA1_Stream2_IRQHandler                  0x080001b7   Thumb Code     0  startup_stm32f401xx.o(.text)
    DMA1_Stream3_IRQHandler                  0x080001b7   Thumb Code     0  startup_stm32f401xx.o(.text)
    DMA1_Stream4_IRQHandler                  0x080001b7   Thumb Code     0  startup_stm32f401xx.o(.text)
    DMA1_Stream5_IRQHandler                  0x080001b7   Thumb Code     0  startup_stm32f401xx.o(.text)
    DMA1_Stream6_IRQHandler                  0x080001b7   Thumb Code     0  startup_stm32f401xx.o(.text)
    DMA1_Stream7_IRQHandler                  0x080001b7   Thumb Code     0  startup_stm32f401xx.o(.text)
    DMA2_Stream0_IRQHandler                  0x080001b7   Thumb Code     0  startup_stm32f401xx.o(.text)
    DMA2_Stream1_IRQHandler                  0x080001b7   Thumb Code     0  startup_stm32f401xx.o(.text)
    DMA2_Stream2_IRQHandler                  0x080001b7   Thumb Code     0  startup_stm32f401xx.o(.text)
    DMA2_Stream3_IRQHandler                  0x080001b7   Thumb Code     0  startup_stm32f401xx.o(.text)
    DMA2_Stream4_IRQHandler                  0x080001b7   Thumb Code     0  startup_stm32f401xx.o(.text)
    DMA2_Stream5_IRQHandler                  0x080001b7   Thumb Code     0  startup_stm32f401xx.o(.text)
    DMA2_Stream6_IRQHandler                  0x080001b7   Thumb Code     0  startup_stm32f401xx.o(.text)
    DMA2_Stream7_IRQHandler                  0x080001b7   Thumb Code     0  startup_stm32f401xx.o(.text)
    EXTI0_IRQHandler                         0x080001b7   Thumb Code     0  startup_stm32f401xx.o(.text)
    EXTI15_10_IRQHandler                     0x080001b7   Thumb Code     0  startup_stm32f401xx.o(.text)
    EXTI1_IRQHandler                         0x080001b7   Thumb Code     0  startup_stm32f401xx.o(.text)
    EXTI2_IRQHandler                         0x080001b7   Thumb Code     0  startup_stm32f401xx.o(.text)
    EXTI3_IRQHandler                         0x080001b7   Thumb Code     0  startup_stm32f401xx.o(.text)
    EXTI4_IRQHandler                         0x080001b7   Thumb Code     0  startup_stm32f401xx.o(.text)
    EXTI9_5_IRQHandler                       0x080001b7   Thumb Code     0  startup_stm32f401xx.o(.text)
    FLASH_IRQHandler                         0x080001b7   Thumb Code     0  startup_stm32f401xx.o(.text)
    FPU_IRQHandler                           0x080001b7   Thumb Code     0  startup_stm32f401xx.o(.text)
    I2C1_ER_IRQHandler                       0x080001b7   Thumb Code     0  startup_stm32f401xx.o(.text)
    I2C1_EV_IRQHandler                       0x080001b7   Thumb Code     0  startup_stm32f401xx.o(.text)
    I2C2_ER_IRQHandler                       0x080001b7   Thumb Code     0  startup_stm32f401xx.o(.text)
    I2C2_EV_IRQHandler                       0x080001b7   Thumb Code     0  startup_stm32f401xx.o(.text)
    I2C3_ER_IRQHandler                       0x080001b7   Thumb Code     0  startup_stm32f401xx.o(.text)
    I2C3_EV_IRQHandler                       0x080001b7   Thumb Code     0  startup_stm32f401xx.o(.text)
    PVD_IRQHandler                           0x080001b7   Thumb Code     0  startup_stm32f401xx.o(.text)
    RCC_IRQHandler                           0x080001b7   Thumb Code     0  startup_stm32f401xx.o(.text)
    RTC_Alarm_IRQHandler                     0x080001b7   Thumb Code     0  startup_stm32f401xx.o(.text)
    RTC_WKUP_IRQHandler                      0x080001b7   Thumb Code     0  startup_stm32f401xx.o(.text)
    SDIO_IRQHandler                          0x080001b7   Thumb Code     0  startup_stm32f401xx.o(.text)
    SPI1_IRQHandler                          0x080001b7   Thumb Code     0  startup_stm32f401xx.o(.text)
    SPI2_IRQHandler                          0x080001b7   Thumb Code     0  startup_stm32f401xx.o(.text)
    SPI3_IRQHandler                          0x080001b7   Thumb Code     0  startup_stm32f401xx.o(.text)
    TAMP_STAMP_IRQHandler                    0x080001b7   Thumb Code     0  startup_stm32f401xx.o(.text)
    TIM1_BRK_TIM9_IRQHandler                 0x080001b7   Thumb Code     0  startup_stm32f401xx.o(.text)
    TIM1_CC_IRQHandler                       0x080001b7   Thumb Code     0  startup_stm32f401xx.o(.text)
    TIM1_TRG_COM_TIM11_IRQHandler            0x080001b7   Thumb Code     0  startup_stm32f401xx.o(.text)
    TIM1_UP_TIM10_IRQHandler                 0x080001b7   Thumb Code     0  startup_stm32f401xx.o(.text)
    TIM2_IRQHandler                          0x080001b7   Thumb Code     0  startup_stm32f401xx.o(.text)
    TIM4_IRQHandler                          0x080001b7   Thumb Code     0  startup_stm32f401xx.o(.text)
    TIM5_IRQHandler                          0x080001b7   Thumb Code     0  startup_stm32f401xx.o(.text)
    WWDG_IRQHandler                          0x080001b7   Thumb Code     0  startup_stm32f401xx.o(.text)
    __aeabi_dadd                             0x080001c1   Thumb Code   322  dadd.o(.text)
    __aeabi_dsub                             0x08000303   Thumb Code     6  dadd.o(.text)
    __aeabi_drsub                            0x08000309   Thumb Code     6  dadd.o(.text)
    __aeabi_ddiv                             0x0800030f   Thumb Code   222  ddiv.o(.text)
    __aeabi_i2d                              0x080003ed   Thumb Code    34  dflti.o(.text)
    __aeabi_d2iz                             0x0800040f   Thumb Code    62  dfixi.o(.text)
    __aeabi_llsl                             0x0800044d   Thumb Code    30  llshl.o(.text)
    _ll_shift_l                              0x0800044d   Thumb Code     0  llshl.o(.text)
    __aeabi_llsr                             0x0800046b   Thumb Code    32  llushr.o(.text)
    _ll_ushift_r                             0x0800046b   Thumb Code     0  llushr.o(.text)
    __aeabi_lasr                             0x0800048b   Thumb Code    36  llsshr.o(.text)
    _ll_sshift_r                             0x0800048b   Thumb Code     0  llsshr.o(.text)
    __I$use$fp                               0x080004af   Thumb Code     0  iusefp.o(.text)
    _double_round                            0x080004af   Thumb Code    26  depilogue.o(.text)
    _double_epilogue                         0x080004c9   Thumb Code   156  depilogue.o(.text)
    _dsqrt                                   0x08000565   Thumb Code   162  dsqrt.o(.text)
    __scatterload                            0x08000609   Thumb Code    28  init.o(.text)
    __scatterload_rt2                        0x08000609   Thumb Code     0  init.o(.text)
    __decompress                             0x0800062d   Thumb Code     0  __dczerorl2.o(.text)
    __decompress1                            0x0800062d   Thumb Code    86  __dczerorl2.o(.text)
    ADC_CommonInit                           0x08000685   Thumb Code    34  stm32f4xx_adc.o(i.ADC_CommonInit)
    ADC_Init                                 0x080006b1   Thumb Code    66  stm32f4xx_adc.o(i.ADC_Init)
    ADC_RegularChannelConfig                 0x080006fd   Thumb Code   116  stm32f4xx_adc.o(i.ADC_RegularChannelConfig)
    BT_BTN                                   0x08000771   Thumb Code    20  main.o(i.BT_BTN)
    BT_GPIO_Init                             0x08000789   Thumb Code    46  main.o(i.BT_GPIO_Init)
    BT_Pairing                               0x080007bd   Thumb Code    20  main.o(i.BT_Pairing)
    BT_Power                                 0x080007d5   Thumb Code    20  main.o(i.BT_Power)
    BT_RST                                   0x080007ed   Thumb Code    20  main.o(i.BT_RST)
    BT_Start                                 0x08000805   Thumb Code    72  main.o(i.BT_Start)
    BT_USART_Init                            0x0800084d   Thumb Code   146  main.o(i.BT_USART_Init)
    BusFault_Handler                         0x080008e9   Thumb Code     2  stm32f4xx_it.o(i.BusFault_Handler)
    DCD_EP_Close                             0x080008eb   Thumb Code    44  usb_dcd.o(i.DCD_EP_Close)
    DCD_EP_ClrStall                          0x08000917   Thumb Code    56  usb_dcd.o(i.DCD_EP_ClrStall)
    DCD_EP_Open                              0x0800094f   Thumb Code    60  usb_dcd.o(i.DCD_EP_Open)
    DCD_EP_PrepareRx                         0x0800098b   Thumb Code    68  usb_dcd.o(i.DCD_EP_PrepareRx)
    DCD_EP_SetAddress                        0x080009cf   Thumb Code    16  usb_dcd.o(i.DCD_EP_SetAddress)
    DCD_EP_Stall                             0x080009df   Thumb Code    56  usb_dcd.o(i.DCD_EP_Stall)
    DCD_EP_Tx                                0x08000a17   Thumb Code    62  usb_dcd.o(i.DCD_EP_Tx)
    DCD_Init                                 0x08000d3d   Thumb Code   148  usb_dcd.o(i.DCD_Init)
    DebugMon_Handler                         0x08000e4f   Thumb Code     2  stm32f4xx_it.o(i.DebugMon_Handler)
    ECG_ADC_U9_Init                          0x08000e5d   Thumb Code    56  main.o(i.ECG_ADC_U9_Init)
    EXTI_ClearITPendingBit                   0x08000e99   Thumb Code     6  stm32f4xx_exti.o(i.EXTI_ClearITPendingBit)
    GPIO_Init                                0x08000ea5   Thumb Code   162  stm32f4xx_gpio.o(i.GPIO_Init)
    GPIO_PinAFConfig                         0x08000f47   Thumb Code    32  stm32f4xx_gpio.o(i.GPIO_PinAFConfig)
    GPIO_ResetBits                           0x08000f67   Thumb Code     4  stm32f4xx_gpio.o(i.GPIO_ResetBits)
    GPIO_SetBits                             0x08000f6b   Thumb Code     4  stm32f4xx_gpio.o(i.GPIO_SetBits)
    Gsensor_Init                             0x08000f6f   Thumb Code    26  main.o(i.Gsensor_Init)
    Gsensor_Write                            0x08000f89   Thumb Code    12  main.o(i.Gsensor_Write)
    HardFault_Handler                        0x08001001   Thumb Code     2  stm32f4xx_it.o(i.HardFault_Handler)
    I2C_AcknowledgeConfig                    0x08001003   Thumb Code    20  stm32f4xx_i2c.o(i.I2C_AcknowledgeConfig)
    I2C_CheckEvent                           0x08001017   Thumb Code    24  stm32f4xx_i2c.o(i.I2C_CheckEvent)
    I2C_Cmd                                  0x0800102f   Thumb Code    20  stm32f4xx_i2c.o(i.I2C_Cmd)
    I2C_GPIO_Init                            0x08001045   Thumb Code   132  main.o(i.I2C_GPIO_Init)
    I2C_GenerateSTART                        0x080010d5   Thumb Code    20  stm32f4xx_i2c.o(i.I2C_GenerateSTART)
    I2C_GenerateSTOP                         0x080010e9   Thumb Code    20  stm32f4xx_i2c.o(i.I2C_GenerateSTOP)
    I2C_GetFlagStatus                        0x080010fd   Thumb Code    42  stm32f4xx_i2c.o(i.I2C_GetFlagStatus)
    I2C_Init                                 0x08001129   Thumb Code   174  stm32f4xx_i2c.o(i.I2C_Init)
    I2C_ReceiveData                          0x080011e1   Thumb Code     6  stm32f4xx_i2c.o(i.I2C_ReceiveData)
    I2C_Send7bitAddress                      0x080011e7   Thumb Code    16  stm32f4xx_i2c.o(i.I2C_Send7bitAddress)
    I2C_SendData                             0x080011f7   Thumb Code     4  stm32f4xx_i2c.o(i.I2C_SendData)
    I2C_read_ack                             0x080011fd   Thumb Code    34  main.o(i.I2C_read_ack)
    I2C_read_nack                            0x08001225   Thumb Code    42  main.o(i.I2C_read_nack)
    I2C_start                                0x08001255   Thumb Code   100  main.o(i.I2C_start)
    I2C_stop                                 0x080012c1   Thumb Code     6  main.o(i.I2C_stop)
    I2C_write                                0x080012c9   Thumb Code    24  main.o(i.I2C_write)
    MemManage_Handler                        0x080012e5   Thumb Code     2  stm32f4xx_it.o(i.MemManage_Handler)
    NMI_Handler                              0x080012e7   Thumb Code     2  stm32f4xx_it.o(i.NMI_Handler)
    NVIC_Init                                0x080012e9   Thumb Code    96  misc.o(i.NVIC_Init)
    NVIC_PriorityGroupConfig                 0x0800134d   Thumb Code    10  misc.o(i.NVIC_PriorityGroupConfig)
    OTG_FS_IRQHandler                        0x08001361   Thumb Code     6  usb_bsp.o(i.OTG_FS_IRQHandler)
    OTG_FS_WKUP_IRQHandler                   0x0800136d   Thumb Code     8  usb_bsp.o(i.OTG_FS_WKUP_IRQHandler)
    PendSV_Handler                           0x08001375   Thumb Code     2  stm32f4xx_it.o(i.PendSV_Handler)
    RCC_AHB1PeriphClockCmd                   0x08001379   Thumb Code    18  stm32f4xx_rcc.o(i.RCC_AHB1PeriphClockCmd)
    RCC_AHB2PeriphClockCmd                   0x08001391   Thumb Code    18  stm32f4xx_rcc.o(i.RCC_AHB2PeriphClockCmd)
    RCC_APB1PeriphClockCmd                   0x080013a9   Thumb Code    18  stm32f4xx_rcc.o(i.RCC_APB1PeriphClockCmd)
    RCC_APB2PeriphClockCmd                   0x080013c1   Thumb Code    18  stm32f4xx_rcc.o(i.RCC_APB2PeriphClockCmd)
    RCC_GetClocksFreq                        0x080013d9   Thumb Code   132  stm32f4xx_rcc.o(i.RCC_GetClocksFreq)
    SVC_Handler                              0x08001469   Thumb Code     2  stm32f4xx_it.o(i.SVC_Handler)
    SysTick_Handler                          0x0800151d   Thumb Code     2  stm32f4xx_it.o(i.SysTick_Handler)
    SystemInit                               0x08001521   Thumb Code    74  system_stm32f4xx.o(i.SystemInit)
    TIM3_IRQHandler                          0x0800157d   Thumb Code   354  main.o(i.TIM3_IRQHandler)
    TIM_ClearITPendingBit                    0x080016fd   Thumb Code     6  stm32f4xx_tim.o(i.TIM_ClearITPendingBit)
    TIM_Cmd                                  0x08001703   Thumb Code    20  stm32f4xx_tim.o(i.TIM_Cmd)
    TIM_GetITStatus                          0x08001717   Thumb Code    24  stm32f4xx_tim.o(i.TIM_GetITStatus)
    TIM_ITConfig                             0x0800172f   Thumb Code    16  stm32f4xx_tim.o(i.TIM_ITConfig)
    TIM_TimeBaseInit                         0x08001741   Thumb Code    96  stm32f4xx_tim.o(i.TIM_TimeBaseInit)
    TM_ADC_INT_Channel_14_Init               0x080017bd   Thumb Code    34  tm_stm32f4_adc.o(i.TM_ADC_INT_Channel_14_Init)
    TM_ADC_INT_Channel_15_Init               0x080017f5   Thumb Code    34  tm_stm32f4_adc.o(i.TM_ADC_INT_Channel_15_Init)
    TM_ADC_INT_Channel_4_Init                0x0800182d   Thumb Code    34  tm_stm32f4_adc.o(i.TM_ADC_INT_Channel_4_Init)
    TM_ADC_INT_Channel_5_Init                0x08001865   Thumb Code    34  tm_stm32f4_adc.o(i.TM_ADC_INT_Channel_5_Init)
    TM_ADC_INT_Channel_6_Init                0x0800189d   Thumb Code    34  tm_stm32f4_adc.o(i.TM_ADC_INT_Channel_6_Init)
    TM_ADC_INT_Channel_7_Init                0x080018d5   Thumb Code    34  tm_stm32f4_adc.o(i.TM_ADC_INT_Channel_7_Init)
    TM_ADC_INT_Channel_8_Init                0x0800190d   Thumb Code    34  tm_stm32f4_adc.o(i.TM_ADC_INT_Channel_8_Init)
    TM_ADC_INT_Channel_9_Init                0x08001945   Thumb Code    34  tm_stm32f4_adc.o(i.TM_ADC_INT_Channel_9_Init)
    TM_ADC_INT_InitPin                       0x0800197d   Thumb Code    20  tm_stm32f4_adc.o(i.TM_ADC_INT_InitPin)
    TM_ADC_Init                              0x08001991   Thumb Code   164  tm_stm32f4_adc.o(i.TM_ADC_Init)
    TM_ADC_InitADC                           0x08001a3d   Thumb Code   112  tm_stm32f4_adc.o(i.TM_ADC_InitADC)
    TM_ADC_Read                              0x08001abd   Thumb Code    32  tm_stm32f4_adc.o(i.TM_ADC_Read)
    TM_GPIO_Init                             0x08001bcd   Thumb Code    52  tm_stm32f4_gpio.o(i.TM_GPIO_Init)
    TM_I2C_Start                             0x08001c05   Thumb Code   146  tm_stm32f4_i2c.o(i.TM_I2C_Start)
    TM_I2C_Stop                              0x08001ca1   Thumb Code    50  tm_stm32f4_i2c.o(i.TM_I2C_Stop)
    TM_I2C_Write                             0x08001cd9   Thumb Code    42  tm_stm32f4_i2c.o(i.TM_I2C_Write)
    TM_I2C_WriteData                         0x08001d05   Thumb Code    30  tm_stm32f4_i2c.o(i.TM_I2C_WriteData)
    TM_INT_USB_VCP_AddReceived               0x08001d29   Thumb Code    40  tm_stm32f4_usb_vcp.o(i.TM_INT_USB_VCP_AddReceived)
    TM_USART_INT_InsertToBuffer              0x08001d59   Thumb Code    38  tm_stm32f4_usart.o(i.TM_USART_INT_InsertToBuffer)
    TM_USART_Putc                            0x08001d7f   Thumb Code    24  tm_stm32f4_usart.o(i.TM_USART_Putc)
    TM_USB_VCP_GetStatus                     0x08001d99   Thumb Code    16  tm_stm32f4_usb_vcp.o(i.TM_USB_VCP_GetStatus)
    TM_USB_VCP_Init                          0x08001db1   Thumb Code    36  tm_stm32f4_usb_vcp.o(i.TM_USB_VCP_Init)
    TM_USB_VCP_Putc                          0x08001de9   Thumb Code    24  tm_stm32f4_usb_vcp.o(i.TM_USB_VCP_Putc)
    USART1_IRQHandler                        0x08001e01   Thumb Code    34  tm_stm32f4_usart.o(i.USART1_IRQHandler)
    USART2_IRQHandler                        0x08001e2d   Thumb Code    36  tm_stm32f4_usart.o(i.USART2_IRQHandler)
    USART6_IRQHandler                        0x08001e59   Thumb Code    36  tm_stm32f4_usart.o(i.USART6_IRQHandler)
    USART_Cmd                                0x08001e85   Thumb Code    20  stm32f4xx_usart.o(i.USART_Cmd)
    USART_GetFlagStatus                      0x08001e99   Thumb Code    14  stm32f4xx_usart.o(i.USART_GetFlagStatus)
    USART_GetITStatus                        0x08001ea7   Thumb Code    62  stm32f4xx_usart.o(i.USART_GetITStatus)
    USART_Init                               0x08001ee5   Thumb Code   164  stm32f4xx_usart.o(i.USART_Init)
    USBD_ClrCfg                              0x08001f91   Thumb Code    14  usbd_core.o(i.USBD_ClrCfg)
    USBD_CtlContinueRx                       0x08001f9f   Thumb Code    18  usbd_ioreq.o(i.USBD_CtlContinueRx)
    USBD_CtlContinueSendData                 0x08001fb1   Thumb Code    18  usbd_ioreq.o(i.USBD_CtlContinueSendData)
    USBD_CtlError                            0x08001fc3   Thumb Code    28  usbd_req.o(i.USBD_CtlError)
    USBD_CtlPrepareRx                        0x08001fdf   Thumb Code    32  usbd_ioreq.o(i.USBD_CtlPrepareRx)
    USBD_CtlReceiveStatus                    0x08001fff   Thumb Code    34  usbd_ioreq.o(i.USBD_CtlReceiveStatus)
    USBD_CtlSendData                         0x08002021   Thumb Code    32  usbd_ioreq.o(i.USBD_CtlSendData)
    USBD_CtlSendStatus                       0x08002041   Thumb Code    34  usbd_ioreq.o(i.USBD_CtlSendStatus)
    USBD_GetString                           0x0800225b   Thumb Code    70  usbd_req.o(i.USBD_GetString)
    USBD_Init                                0x080022a1   Thumb Code    52  usbd_core.o(i.USBD_Init)
    USBD_OTG_ISR_Handler                     0x080022f1   Thumb Code   326  usb_dcd_int.o(i.USBD_OTG_ISR_Handler)
    USBD_ParseSetupRequest                   0x0800243d   Thumb Code    68  usbd_req.o(i.USBD_ParseSetupRequest)
    USBD_SetCfg                              0x080024d5   Thumb Code    26  usbd_core.o(i.USBD_SetCfg)
    USBD_StdDevReq                           0x08002629   Thumb Code   236  usbd_req.o(i.USBD_StdDevReq)
    USBD_StdEPReq                            0x08002719   Thumb Code   208  usbd_req.o(i.USBD_StdEPReq)
    USBD_StdItfReq                           0x080027ed   Thumb Code    54  usbd_req.o(i.USBD_StdItfReq)
    USBD_USR_ConfigStrDescriptor             0x08002841   Thumb Code    16  usbd_desc.o(i.USBD_USR_ConfigStrDescriptor)
    USBD_USR_DeviceConfigured                0x08002861   Thumb Code     8  usbd_usr.o(i.USBD_USR_DeviceConfigured)
    USBD_USR_DeviceConnected                 0x0800286d   Thumb Code     8  usbd_usr.o(i.USBD_USR_DeviceConnected)
    USBD_USR_DeviceDescriptor                0x08002879   Thumb Code     8  usbd_desc.o(i.USBD_USR_DeviceDescriptor)
    USBD_USR_DeviceDisconnected              0x08002885   Thumb Code     8  usbd_usr.o(i.USBD_USR_DeviceDisconnected)
    USBD_USR_DeviceReset                     0x08002891   Thumb Code     8  usbd_usr.o(i.USBD_USR_DeviceReset)
    USBD_USR_DeviceResumed                   0x0800289d   Thumb Code     8  usbd_usr.o(i.USBD_USR_DeviceResumed)
    USBD_USR_DeviceSuspended                 0x080028a9   Thumb Code     8  usbd_usr.o(i.USBD_USR_DeviceSuspended)
    USBD_USR_Init                            0x080028b5   Thumb Code     8  usbd_usr.o(i.USBD_USR_Init)
    USBD_USR_InterfaceStrDescriptor          0x080028c1   Thumb Code    16  usbd_desc.o(i.USBD_USR_InterfaceStrDescriptor)
    USBD_USR_LangIDStrDescriptor             0x080028e5   Thumb Code     8  usbd_desc.o(i.USBD_USR_LangIDStrDescriptor)
    USBD_USR_ManufacturerStrDescriptor       0x080028f1   Thumb Code    16  usbd_desc.o(i.USBD_USR_ManufacturerStrDescriptor)
    USBD_USR_ProductStrDescriptor            0x08002919   Thumb Code    16  usbd_desc.o(i.USBD_USR_ProductStrDescriptor)
    USBD_USR_SerialStrDescriptor             0x08002951   Thumb Code    16  usbd_desc.o(i.USBD_USR_SerialStrDescriptor)
    USB_OTG_BSP_EnableInterrupt              0x08002981   Thumb Code    40  usb_bsp.o(i.USB_OTG_BSP_EnableInterrupt)
    USB_OTG_BSP_Init                         0x080029a9   Thumb Code   154  usb_bsp.o(i.USB_OTG_BSP_Init)
    USB_OTG_BSP_mDelay                       0x08002a49   Thumb Code    10  usb_bsp.o(i.USB_OTG_BSP_mDelay)
    USB_OTG_BSP_uDelay                       0x08002a53   Thumb Code    22  usb_bsp.o(i.USB_OTG_BSP_uDelay)
    USB_OTG_CoreInit                         0x08002a69   Thumb Code   128  usb_core.o(i.USB_OTG_CoreInit)
    USB_OTG_CoreInitDev                      0x08002ae9   Thumb Code   302  usb_core.o(i.USB_OTG_CoreInitDev)
    USB_OTG_DisableGlobalInt                 0x08002c71   Thumb Code    16  usb_core.o(i.USB_OTG_DisableGlobalInt)
    USB_OTG_EP0Activate                      0x08002c81   Thumb Code    58  usb_core.o(i.USB_OTG_EP0Activate)
    USB_OTG_EP0StartXfer                     0x08002cbd   Thumb Code   182  usb_core.o(i.USB_OTG_EP0StartXfer)
    USB_OTG_EP0_OutStart                     0x08002d75   Thumb Code    32  usb_core.o(i.USB_OTG_EP0_OutStart)
    USB_OTG_EPActivate                       0x08002d99   Thumb Code    82  usb_core.o(i.USB_OTG_EPActivate)
    USB_OTG_EPClearStall                     0x08002deb   Thumb Code    50  usb_core.o(i.USB_OTG_EPClearStall)
    USB_OTG_EPDeactivate                     0x08002e1d   Thumb Code    52  usb_core.o(i.USB_OTG_EPDeactivate)
    USB_OTG_EPSetStall                       0x08002e51   Thumb Code    48  usb_core.o(i.USB_OTG_EPSetStall)
    USB_OTG_EPStartXfer                      0x08002e81   Thumb Code   288  usb_core.o(i.USB_OTG_EPStartXfer)
    USB_OTG_EnableDevInt                     0x08002fa1   Thumb Code    66  usb_core.o(i.USB_OTG_EnableDevInt)
    USB_OTG_EnableGlobalInt                  0x08002fe9   Thumb Code    16  usb_core.o(i.USB_OTG_EnableGlobalInt)
    USB_OTG_FlushRxFifo                      0x08002ff9   Thumb Code    52  usb_core.o(i.USB_OTG_FlushRxFifo)
    USB_OTG_FlushTxFifo                      0x08003031   Thumb Code    60  usb_core.o(i.USB_OTG_FlushTxFifo)
    USB_OTG_GetDeviceSpeed                   0x08003071   Thumb Code    38  usb_core.o(i.USB_OTG_GetDeviceSpeed)
    USB_OTG_InitDevSpeed                     0x08003097   Thumb Code    12  usb_core.o(i.USB_OTG_InitDevSpeed)
    USB_OTG_IsDeviceMode                     0x080030a3   Thumb Code    18  usb_core.o(i.USB_OTG_IsDeviceMode)
    USB_OTG_ReadCoreItr                      0x080030b5   Thumb Code    10  usb_core.o(i.USB_OTG_ReadCoreItr)
    USB_OTG_ReadDevAllInEPItr                0x080030bf   Thumb Code    12  usb_core.o(i.USB_OTG_ReadDevAllInEPItr)
    USB_OTG_ReadDevAllOutEp_itr              0x080030cb   Thumb Code    12  usb_core.o(i.USB_OTG_ReadDevAllOutEp_itr)
    USB_OTG_ReadDevOutEP_itr                 0x080030d7   Thumb Code    16  usb_core.o(i.USB_OTG_ReadDevOutEP_itr)
    USB_OTG_ReadPacket                       0x080030e7   Thumb Code    32  usb_core.o(i.USB_OTG_ReadPacket)
    USB_OTG_SelectCore                       0x08003109   Thumb Code   188  usb_core.o(i.USB_OTG_SelectCore)
    USB_OTG_SetCurrentMode                   0x080031c9   Thumb Code    42  usb_core.o(i.USB_OTG_SetCurrentMode)
    USB_OTG_WritePacket                      0x080031f3   Thumb Code    40  usb_core.o(i.USB_OTG_WritePacket)
    UsageFault_Handler                       0x0800321b   Thumb Code     2  stm32f4xx_it.o(i.UsageFault_Handler)
    VCP_DataRx                               0x08003275   Thumb Code    26  usbd_cdc_vcp.o(i.VCP_DataRx)
    VCP_DataTx                               0x08003291   Thumb Code    42  usbd_cdc_vcp.o(i.VCP_DataTx)
    __hardfp_sqrt                            0x080032cd   Thumb Code   122  sqrt.o(i.__hardfp_sqrt)
    __scatterload_copy                       0x08003347   Thumb Code    14  handlers.o(i.__scatterload_copy)
    __scatterload_null                       0x08003355   Thumb Code     2  handlers.o(i.__scatterload_null)
    __scatterload_zeroinit                   0x08003357   Thumb Code    14  handlers.o(i.__scatterload_zeroinit)
    __set_errno                              0x08003365   Thumb Code     6  errno.o(i.__set_errno)
    getsample                                0x08003371   Thumb Code    16  main.o(i.getsample)
    ltsamp                                   0x08003381   Thumb Code   258  main.o(i.ltsamp)
    main                                     0x0800348d   Thumb Code   128  main.o(i.main)
    qrs_detect                               0x08003515   Thumb Code   194  main.o(i.qrs_detect)
    readValue                                0x080035dd   Thumb Code   136  main.o(i.readValue)
    writeReg                                 0x08003861   Thumb Code    44  main.o(i.writeReg)
    Region$$Table$$Base                      0x08003890   Number         0  anon$$obj.o(Region$$Table)
    Region$$Table$$Limit                     0x080038b0   Number         0  anon$$obj.o(Region$$Table)
    GPIO_InitStruct                          0x20000010   Data           8  tm_stm32f4_usart.o(.data)
    TM_USART1                                0x20000018   Data          12  tm_stm32f4_usart.o(.data)
    TM_USART2                                0x20000024   Data          12  tm_stm32f4_usart.o(.data)
    TM_USART6                                0x20000030   Data          12  tm_stm32f4_usart.o(.data)
    USB_Tx_State                             0x20000044   Data           1  usbd_cdc_core.o(.data)
    APP_Rx_ptr_in                            0x2000004c   Data           4  usbd_cdc_core.o(.data)
    APP_Rx_ptr_out                           0x20000050   Data           4  usbd_cdc_core.o(.data)
    APP_Rx_length                            0x20000054   Data           4  usbd_cdc_core.o(.data)
    CmdBuff                                  0x20000064   Data           8  usbd_cdc_core.o(.data)
    usbd_cdc_CfgDesc                         0x2000006c   Data          67  usbd_cdc_core.o(.data)
    USBD_CDC_cb                              0x200000b0   Data          44  usbd_cdc_core.o(.data)
    linecoding                               0x200000dc   Data           8  usbd_cdc_vcp.o(.data)
    VCP_fops                                 0x200000e4   Data          20  usbd_cdc_vcp.o(.data)
    USBD_DCD_INT_cb                          0x200000f8   Data          44  usbd_core.o(.data)
    USBD_DCD_INT_fops                        0x20000124   Data           4  usbd_core.o(.data)
    SET_TEST_MODE                            0x20000128   Data           4  usbd_core.o(.data)
    USR_desc                                 0x2000012c   Data          28  usbd_desc.o(.data)
    USBD_LangIDDesc                          0x20000148   Data           4  usbd_desc.o(.data)
    USBD_DeviceDesc                          0x2000014c   Data          18  usbd_desc.o(.data)
    USBD_ep_status                           0x20000164   Data           4  usbd_req.o(.data)
    USBD_default_cfg                         0x20000168   Data           4  usbd_req.o(.data)
    USBD_cfg_status                          0x2000016c   Data           4  usbd_req.o(.data)
    TM_USB_VCP_INT_Status                    0x20000170   Data           1  usbd_usr.o(.data)
    USR_cb                                   0x20000174   Data          28  usbd_usr.o(.data)
    TM_USB_VCP_INT_Init                      0x20000190   Data           1  tm_stm32f4_usb_vcp.o(.data)
    tm_int_usb_vcp_buf_in                    0x20000194   Data           4  tm_stm32f4_usb_vcp.o(.data)
    tm_int_usb_vcp_buf_out                   0x20000198   Data           4  tm_stm32f4_usb_vcp.o(.data)
    tm_int_usb_vcp_buf_num                   0x2000019c   Data           4  tm_stm32f4_usb_vcp.o(.data)
    res                                      0x200001b0   Data           1  main.o(.data)
    Gdata_X_H                                0x200001b1   Data           1  main.o(.data)
    Gdata_X_L                                0x200001b2   Data           1  main.o(.data)
    Gdata_Y_H                                0x200001b3   Data           1  main.o(.data)
    Gdata_Y_L                                0x200001b4   Data           1  main.o(.data)
    Gdata_Z_H                                0x200001b5   Data           1  main.o(.data)
    Gdata_Z_L                                0x200001b6   Data           1  main.o(.data)
    LPn                                      0x200001b8   Data           4  main.o(.data)
    LP2n                                     0x200001bc   Data           4  main.o(.data)
    LTwindow                                 0x200001c0   Data           4  main.o(.data)
    HR_count                                 0x200001c4   Data           4  main.o(.data)
    HR_Value                                 0x200001c8   Data           4  main.o(.data)
    br                                       0x20000208   Data           4  main.o(.data)
    ECGData                                  0x2000020c   Data           4  main.o(.data)
    TempData                                 0x20000210   Data           4  main.o(.data)
    GsensorX                                 0x20000214   Data           4  main.o(.data)
    GsensorY                                 0x20000218   Data           4  main.o(.data)
    GsensorZ                                 0x2000021c   Data           4  main.o(.data)
    count_t                                  0x20000220   Data           4  main.o(.data)
    QRS_result                               0x20000224   Data           4  main.o(.data)
    G_data_All_X                             0x20000228   Data           4  main.o(.data)
    G_data_All_Y                             0x2000022c   Data           4  main.o(.data)
    G_data_All_Z                             0x20000230   Data           4  main.o(.data)
    Status                                   0x20000234   Data           4  main.o(.data)
    lfsc                                     0x20000238   Data           8  main.o(.data)
    TM_USART1_Buffer                         0x20000244   Data          32  tm_stm32f4_usart.o(.bss)
    TM_USART2_Buffer                         0x20000264   Data          32  tm_stm32f4_usart.o(.bss)
    TM_USART6_Buffer                         0x20000284   Data          32  tm_stm32f4_usart.o(.bss)
    USB_Rx_Buffer                            0x200002a4   Data          64  usbd_cdc_core.o(.bss)
    APP_Rx_Buffer                            0x200002e4   Data        2048  usbd_cdc_core.o(.bss)
    USBD_StrDesc                             0x20000ae4   Data         255  usbd_req.o(.bss)
    TM_INT_USB_VCP_ReceiveBuffer             0x20000be4   Data         128  tm_stm32f4_usb_vcp.o(.bss)
    USB_OTG_dev                              0x20000c64   Data        1524  tm_stm32f4_usb_vcp.o(.bss)
    ebuf                                     0x20001258   Data         512  main.o(.bss)
    lbuf                                     0x20001458   Data         512  main.o(.bss)
    ECG_Rawdata                              0x20001658   Data         512  main.o(.bss)
    fs                                       0x20001858   Data         560  main.o(.bss)
    file                                     0x20001a88   Data         548  main.o(.bss)
    buffer                                   0x20001cac   Data        2000  main.o(.bss)
    __initial_sp                             0x20002880   Data           0  startup_stm32f401xx.o(STACK)



==============================================================================

Memory Map of the image

  Image Entry point : 0x08000189

  Load Region LR_IROM1 (Base: 0x08000000, Size: 0x00003af4, Max: 0x00080000, ABSOLUTE, COMPRESSED[0x000039b8])

    Execution Region ER_IROM1 (Base: 0x08000000, Size: 0x000038b0, Max: 0x00080000, ABSOLUTE)

    Base Addr    Size         Type   Attr      Idx    E Section Name        Object

    0x08000000   0x00000188   Data   RO            3    RESET               startup_stm32f401xx.o
    0x08000188   0x00000000   Code   RO         4544  * .ARM.Collect$$$$00000000  mc_w.l(entry.o)
    0x08000188   0x00000004   Code   RO         4816    .ARM.Collect$$$$00000001  mc_w.l(entry2.o)
    0x0800018c   0x00000004   Code   RO         4819    .ARM.Collect$$$$00000004  mc_w.l(entry5.o)
    0x08000190   0x00000000   Code   RO         4821    .ARM.Collect$$$$00000008  mc_w.l(entry7b.o)
    0x08000190   0x00000000   Code   RO         4823    .ARM.Collect$$$$0000000A  mc_w.l(entry8b.o)
    0x08000190   0x00000008   Code   RO         4824    .ARM.Collect$$$$0000000B  mc_w.l(entry9a.o)
    0x08000198   0x00000000   Code   RO         4826    .ARM.Collect$$$$0000000D  mc_w.l(entry10a.o)
    0x08000198   0x00000000   Code   RO         4828    .ARM.Collect$$$$0000000F  mc_w.l(entry11a.o)
    0x08000198   0x00000004   Code   RO         4817    .ARM.Collect$$$$00002712  mc_w.l(entry2.o)
    0x0800019c   0x00000024   Code   RO            4    .text               startup_stm32f401xx.o
    0x080001c0   0x0000014e   Code   RO         4808    .text               mf_w.l(dadd.o)
    0x0800030e   0x000000de   Code   RO         4810    .text               mf_w.l(ddiv.o)
    0x080003ec   0x00000022   Code   RO         4812    .text               mf_w.l(dflti.o)
    0x0800040e   0x0000003e   Code   RO         4814    .text               mf_w.l(dfixi.o)
    0x0800044c   0x0000001e   Code   RO         4835    .text               mc_w.l(llshl.o)
    0x0800046a   0x00000020   Code   RO         4837    .text               mc_w.l(llushr.o)
    0x0800048a   0x00000024   Code   RO         4839    .text               mc_w.l(llsshr.o)
    0x080004ae   0x00000000   Code   RO         4848    .text               mc_w.l(iusefp.o)
    0x080004ae   0x000000b6   Code   RO         4849    .text               mf_w.l(depilogue.o)
    0x08000564   0x000000a2   Code   RO         4853    .text               mf_w.l(dsqrt.o)
    0x08000606   0x00000002   PAD
    0x08000608   0x00000024   Code   RO         4861    .text               mc_w.l(init.o)
    0x0800062c   0x00000056   Code   RO         4871    .text               mc_w.l(__dczerorl2.o)
    0x08000682   0x00000002   PAD
    0x08000684   0x0000002c   Code   RO         1738    i.ADC_CommonInit    stm32f4xx_adc.o
    0x080006b0   0x0000004c   Code   RO         1757    i.ADC_Init          stm32f4xx_adc.o
    0x080006fc   0x00000074   Code   RO         1762    i.ADC_RegularChannelConfig  stm32f4xx_adc.o
    0x08000770   0x00000018   Code   RO         4166    i.BT_BTN            main.o
    0x08000788   0x00000034   Code   RO         4167    i.BT_GPIO_Init      main.o
    0x080007bc   0x00000018   Code   RO         4168    i.BT_Pairing        main.o
    0x080007d4   0x00000018   Code   RO         4169    i.BT_Power          main.o
    0x080007ec   0x00000018   Code   RO         4170    i.BT_RST            main.o
    0x08000804   0x00000048   Code   RO         4173    i.BT_Start          main.o
    0x0800084c   0x0000009c   Code   RO         4175    i.BT_USART_Init     main.o
    0x080008e8   0x00000002   Code   RO         4426    i.BusFault_Handler  stm32f4xx_it.o
    0x080008ea   0x0000002c   Code   RO         3064    i.DCD_EP_Close      usb_dcd.o
    0x08000916   0x00000038   Code   RO         3065    i.DCD_EP_ClrStall   usb_dcd.o
    0x0800094e   0x0000003c   Code   RO         3067    i.DCD_EP_Open       usb_dcd.o
    0x0800098a   0x00000044   Code   RO         3068    i.DCD_EP_PrepareRx  usb_dcd.o
    0x080009ce   0x00000010   Code   RO         3069    i.DCD_EP_SetAddress  usb_dcd.o
    0x080009de   0x00000038   Code   RO         3070    i.DCD_EP_Stall      usb_dcd.o
    0x08000a16   0x0000003e   Code   RO         3071    i.DCD_EP_Tx         usb_dcd.o
    0x08000a54   0x000000cc   Code   RO         3157    i.DCD_HandleInEP_ISR  usb_dcd_int.o
    0x08000b20   0x000000ac   Code   RO         3158    i.DCD_HandleOutEP_ISR  usb_dcd_int.o
    0x08000bcc   0x0000007c   Code   RO         3159    i.DCD_HandleRxStatusQueueLevel_ISR  usb_dcd_int.o
    0x08000c48   0x00000070   Code   RO         3160    i.DCD_HandleUSBSuspend_ISR  usb_dcd_int.o
    0x08000cb8   0x00000084   Code   RO         3161    i.DCD_HandleUsbReset_ISR  usb_dcd_int.o
    0x08000d3c   0x00000094   Code   RO         3073    i.DCD_Init          usb_dcd.o
    0x08000dd0   0x0000007e   Code   RO         3162    i.DCD_WriteEmptyTxFifo  usb_dcd_int.o
    0x08000e4e   0x00000002   Code   RO         4427    i.DebugMon_Handler  stm32f4xx_it.o
    0x08000e50   0x0000000c   Code   RO         4176    i.Delay             main.o
    0x08000e5c   0x0000003c   Code   RO         4177    i.ECG_ADC_U9_Init   main.o
    0x08000e98   0x0000000c   Code   RO          697    i.EXTI_ClearITPendingBit  stm32f4xx_exti.o
    0x08000ea4   0x000000a2   Code   RO          262    i.GPIO_Init         stm32f4xx_gpio.o
    0x08000f46   0x00000020   Code   RO          263    i.GPIO_PinAFConfig  stm32f4xx_gpio.o
    0x08000f66   0x00000004   Code   RO          269    i.GPIO_ResetBits    stm32f4xx_gpio.o
    0x08000f6a   0x00000004   Code   RO          270    i.GPIO_SetBits      stm32f4xx_gpio.o
    0x08000f6e   0x0000001a   Code   RO         4178    i.Gsensor_Init      main.o
    0x08000f88   0x00000010   Code   RO         4179    i.Gsensor_Write     main.o
    0x08000f98   0x00000068   Code   RO         3211    i.Handle_USBAsynchXfer  usbd_cdc_core.o
    0x08001000   0x00000002   Code   RO         4428    i.HardFault_Handler  stm32f4xx_it.o
    0x08001002   0x00000014   Code   RO         3940    i.I2C_AcknowledgeConfig  stm32f4xx_i2c.o
    0x08001016   0x00000018   Code   RO         3943    i.I2C_CheckEvent    stm32f4xx_i2c.o
    0x0800102e   0x00000014   Code   RO         3946    i.I2C_Cmd           stm32f4xx_i2c.o
    0x08001042   0x00000002   PAD
    0x08001044   0x00000090   Code   RO         4180    i.I2C_GPIO_Init     main.o
    0x080010d4   0x00000014   Code   RO         3954    i.I2C_GenerateSTART  stm32f4xx_i2c.o
    0x080010e8   0x00000014   Code   RO         3955    i.I2C_GenerateSTOP  stm32f4xx_i2c.o
    0x080010fc   0x0000002a   Code   RO         3956    i.I2C_GetFlagStatus  stm32f4xx_i2c.o
    0x08001126   0x00000002   PAD
    0x08001128   0x000000b8   Code   RO         3961    i.I2C_Init          stm32f4xx_i2c.o
    0x080011e0   0x00000006   Code   RO         3966    i.I2C_ReceiveData   stm32f4xx_i2c.o
    0x080011e6   0x00000010   Code   RO         3968    i.I2C_Send7bitAddress  stm32f4xx_i2c.o
    0x080011f6   0x00000004   Code   RO         3969    i.I2C_SendData      stm32f4xx_i2c.o
    0x080011fa   0x00000002   PAD
    0x080011fc   0x00000028   Code   RO         4181    i.I2C_read_ack      main.o
    0x08001224   0x00000030   Code   RO         4182    i.I2C_read_nack     main.o
    0x08001254   0x0000006c   Code   RO         4183    i.I2C_start         main.o
    0x080012c0   0x00000006   Code   RO         4184    i.I2C_stop          main.o
    0x080012c6   0x00000002   PAD
    0x080012c8   0x0000001c   Code   RO         4185    i.I2C_write         main.o
    0x080012e4   0x00000002   Code   RO         4429    i.MemManage_Handler  stm32f4xx_it.o
    0x080012e6   0x00000002   Code   RO         4430    i.NMI_Handler       stm32f4xx_it.o
    0x080012e8   0x00000064   Code   RO          157    i.NVIC_Init         misc.o
    0x0800134c   0x00000014   Code   RO          158    i.NVIC_PriorityGroupConfig  misc.o
    0x08001360   0x0000000c   Code   RO         2743    i.OTG_FS_IRQHandler  usb_bsp.o
    0x0800136c   0x00000008   Code   RO         2744    i.OTG_FS_WKUP_IRQHandler  usb_bsp.o
    0x08001374   0x00000002   Code   RO         4431    i.PendSV_Handler    stm32f4xx_it.o
    0x08001376   0x00000002   PAD
    0x08001378   0x00000018   Code   RO          365    i.RCC_AHB1PeriphClockCmd  stm32f4xx_rcc.o
    0x08001390   0x00000018   Code   RO          368    i.RCC_AHB2PeriphClockCmd  stm32f4xx_rcc.o
    0x080013a8   0x00000018   Code   RO          374    i.RCC_APB1PeriphClockCmd  stm32f4xx_rcc.o
    0x080013c0   0x00000018   Code   RO          377    i.RCC_APB2PeriphClockCmd  stm32f4xx_rcc.o
    0x080013d8   0x00000090   Code   RO          386    i.RCC_GetClocksFreq  stm32f4xx_rcc.o
    0x08001468   0x00000002   Code   RO         4432    i.SVC_Handler       stm32f4xx_it.o
    0x0800146a   0x00000002   PAD
    0x0800146c   0x000000b0   Code   RO         4497    i.SetSysClock       system_stm32f4xx.o
    0x0800151c   0x00000002   Code   RO         4433    i.SysTick_Handler   stm32f4xx_it.o
    0x0800151e   0x00000002   PAD
    0x08001520   0x0000005c   Code   RO         4499    i.SystemInit        system_stm32f4xx.o
    0x0800157c   0x00000180   Code   RO         4187    i.TIM3_IRQHandler   main.o
    0x080016fc   0x00000006   Code   RO         1985    i.TIM_ClearITPendingBit  stm32f4xx_tim.o
    0x08001702   0x00000014   Code   RO         1990    i.TIM_Cmd           stm32f4xx_tim.o
    0x08001716   0x00000018   Code   RO         2011    i.TIM_GetITStatus   stm32f4xx_tim.o
    0x0800172e   0x00000010   Code   RO         2015    i.TIM_ITConfig      stm32f4xx_tim.o
    0x0800173e   0x00000002   PAD
    0x08001740   0x0000007c   Code   RO         2062    i.TIM_TimeBaseInit  stm32f4xx_tim.o
    0x080017bc   0x00000038   Code   RO         2533    i.TM_ADC_INT_Channel_14_Init  tm_stm32f4_adc.o
    0x080017f4   0x00000038   Code   RO         2534    i.TM_ADC_INT_Channel_15_Init  tm_stm32f4_adc.o
    0x0800182c   0x00000038   Code   RO         2538    i.TM_ADC_INT_Channel_4_Init  tm_stm32f4_adc.o
    0x08001864   0x00000038   Code   RO         2539    i.TM_ADC_INT_Channel_5_Init  tm_stm32f4_adc.o
    0x0800189c   0x00000038   Code   RO         2540    i.TM_ADC_INT_Channel_6_Init  tm_stm32f4_adc.o
    0x080018d4   0x00000038   Code   RO         2541    i.TM_ADC_INT_Channel_7_Init  tm_stm32f4_adc.o
    0x0800190c   0x00000038   Code   RO         2542    i.TM_ADC_INT_Channel_8_Init  tm_stm32f4_adc.o
    0x08001944   0x00000038   Code   RO         2543    i.TM_ADC_INT_Channel_9_Init  tm_stm32f4_adc.o
    0x0800197c   0x00000014   Code   RO         2544    i.TM_ADC_INT_InitPin  tm_stm32f4_adc.o
    0x08001990   0x000000ac   Code   RO         2545    i.TM_ADC_Init       tm_stm32f4_adc.o
    0x08001a3c   0x00000080   Code   RO         2546    i.TM_ADC_InitADC    tm_stm32f4_adc.o
    0x08001abc   0x00000020   Code   RO         2547    i.TM_ADC_Read       tm_stm32f4_adc.o
    0x08001adc   0x000000f0   Code   RO         2675    i.TM_GPIO_INT_EnableClock  tm_stm32f4_gpio.o
    0x08001bcc   0x00000038   Code   RO         2676    i.TM_GPIO_Init      tm_stm32f4_gpio.o
    0x08001c04   0x0000009c   Code   RO         3820    i.TM_I2C_Start      tm_stm32f4_i2c.o
    0x08001ca0   0x00000038   Code   RO         3821    i.TM_I2C_Stop       tm_stm32f4_i2c.o
    0x08001cd8   0x0000002a   Code   RO         3822    i.TM_I2C_Write      tm_stm32f4_i2c.o
    0x08001d02   0x00000002   PAD
    0x08001d04   0x00000024   Code   RO         3823    i.TM_I2C_WriteData  tm_stm32f4_i2c.o
    0x08001d28   0x00000030   Code   RO         3713    i.TM_INT_USB_VCP_AddReceived  tm_stm32f4_usb_vcp.o
    0x08001d58   0x00000026   Code   RO         1590    i.TM_USART_INT_InsertToBuffer  tm_stm32f4_usart.o
    0x08001d7e   0x00000018   Code   RO         1592    i.TM_USART_Putc     tm_stm32f4_usart.o
    0x08001d96   0x00000002   PAD
    0x08001d98   0x00000018   Code   RO         3718    i.TM_USB_VCP_GetStatus  tm_stm32f4_usb_vcp.o
    0x08001db0   0x00000038   Code   RO         3721    i.TM_USB_VCP_Init   tm_stm32f4_usb_vcp.o
    0x08001de8   0x00000018   Code   RO         3722    i.TM_USB_VCP_Putc   tm_stm32f4_usb_vcp.o
    0x08001e00   0x0000002c   Code   RO         1594    i.USART1_IRQHandler  tm_stm32f4_usart.o
    0x08001e2c   0x0000002c   Code   RO         1595    i.USART2_IRQHandler  tm_stm32f4_usart.o
    0x08001e58   0x0000002c   Code   RO         1596    i.USART6_IRQHandler  tm_stm32f4_usart.o
    0x08001e84   0x00000014   Code   RO          821    i.USART_Cmd         stm32f4xx_usart.o
    0x08001e98   0x0000000e   Code   RO          824    i.USART_GetFlagStatus  stm32f4xx_usart.o
    0x08001ea6   0x0000003e   Code   RO          825    i.USART_GetITStatus  stm32f4xx_usart.o
    0x08001ee4   0x000000ac   Code   RO          828    i.USART_Init        stm32f4xx_usart.o
    0x08001f90   0x0000000e   Code   RO         3352    i.USBD_ClrCfg       usbd_core.o
    0x08001f9e   0x00000012   Code   RO         3511    i.USBD_CtlContinueRx  usbd_ioreq.o
    0x08001fb0   0x00000012   Code   RO         3512    i.USBD_CtlContinueSendData  usbd_ioreq.o
    0x08001fc2   0x0000001c   Code   RO         3567    i.USBD_CtlError     usbd_req.o
    0x08001fde   0x00000020   Code   RO         3513    i.USBD_CtlPrepareRx  usbd_ioreq.o
    0x08001ffe   0x00000022   Code   RO         3514    i.USBD_CtlReceiveStatus  usbd_ioreq.o
    0x08002020   0x00000020   Code   RO         3515    i.USBD_CtlSendData  usbd_ioreq.o
    0x08002040   0x00000022   Code   RO         3516    i.USBD_CtlSendStatus  usbd_ioreq.o
    0x08002062   0x00000002   PAD
    0x08002064   0x000000b0   Code   RO         3353    i.USBD_DataInStage  usbd_core.o
    0x08002114   0x00000078   Code   RO         3354    i.USBD_DataOutStage  usbd_core.o
    0x0800218c   0x000000ce   Code   RO         3568    i.USBD_GetDescriptor  usbd_req.o
    0x0800225a   0x00000046   Code   RO         3569    i.USBD_GetString    usbd_req.o
    0x080022a0   0x00000034   Code   RO         3356    i.USBD_Init         usbd_core.o
    0x080022d4   0x0000000e   Code   RO         3357    i.USBD_IsoINIncomplete  usbd_core.o
    0x080022e2   0x0000000e   Code   RO         3358    i.USBD_IsoOUTIncomplete  usbd_core.o
    0x080022f0   0x0000014c   Code   RO         3163    i.USBD_OTG_ISR_Handler  usb_dcd_int.o
    0x0800243c   0x00000044   Code   RO         3570    i.USBD_ParseSetupRequest  usbd_req.o
    0x08002480   0x0000002e   Code   RO         3359    i.USBD_Reset        usbd_core.o
    0x080024ae   0x00000016   Code   RO         3360    i.USBD_Resume       usbd_core.o
    0x080024c4   0x00000010   Code   RO         3361    i.USBD_SOF          usbd_core.o
    0x080024d4   0x0000001a   Code   RO         3362    i.USBD_SetCfg       usbd_core.o
    0x080024ee   0x00000002   PAD
    0x080024f0   0x00000074   Code   RO         3571    i.USBD_SetConfig    usbd_req.o
    0x08002564   0x0000007c   Code   RO         3572    i.USBD_SetFeature   usbd_req.o
    0x080025e0   0x00000048   Code   RO         3363    i.USBD_SetupStage   usbd_core.o
    0x08002628   0x000000f0   Code   RO         3573    i.USBD_StdDevReq    usbd_req.o
    0x08002718   0x000000d4   Code   RO         3574    i.USBD_StdEPReq     usbd_req.o
    0x080027ec   0x00000036   Code   RO         3575    i.USBD_StdItfReq    usbd_req.o
    0x08002822   0x0000001c   Code   RO         3364    i.USBD_Suspend      usbd_core.o
    0x0800283e   0x00000002   PAD
    0x08002840   0x00000020   Code   RO         3446    i.USBD_USR_ConfigStrDescriptor  usbd_desc.o
    0x08002860   0x0000000c   Code   RO         3643    i.USBD_USR_DeviceConfigured  usbd_usr.o
    0x0800286c   0x0000000c   Code   RO         3644    i.USBD_USR_DeviceConnected  usbd_usr.o
    0x08002878   0x0000000c   Code   RO         3447    i.USBD_USR_DeviceDescriptor  usbd_desc.o
    0x08002884   0x0000000c   Code   RO         3645    i.USBD_USR_DeviceDisconnected  usbd_usr.o
    0x08002890   0x0000000c   Code   RO         3646    i.USBD_USR_DeviceReset  usbd_usr.o
    0x0800289c   0x0000000c   Code   RO         3647    i.USBD_USR_DeviceResumed  usbd_usr.o
    0x080028a8   0x0000000c   Code   RO         3648    i.USBD_USR_DeviceSuspended  usbd_usr.o
    0x080028b4   0x0000000c   Code   RO         3649    i.USBD_USR_Init     usbd_usr.o
    0x080028c0   0x00000024   Code   RO         3448    i.USBD_USR_InterfaceStrDescriptor  usbd_desc.o
    0x080028e4   0x0000000c   Code   RO         3449    i.USBD_USR_LangIDStrDescriptor  usbd_desc.o
    0x080028f0   0x00000028   Code   RO         3450    i.USBD_USR_ManufacturerStrDescriptor  usbd_desc.o
    0x08002918   0x00000038   Code   RO         3451    i.USBD_USR_ProductStrDescriptor  usbd_desc.o
    0x08002950   0x00000024   Code   RO         3452    i.USBD_USR_SerialStrDescriptor  usbd_desc.o
    0x08002974   0x0000000c   Code   RO         3212    i.USBD_cdc_GetCfgDesc  usbd_cdc_core.o
    0x08002980   0x00000028   Code   RO         2745    i.USB_OTG_BSP_EnableInterrupt  usb_bsp.o
    0x080029a8   0x000000a0   Code   RO         2746    i.USB_OTG_BSP_Init  usb_bsp.o
    0x08002a48   0x0000000a   Code   RO         2747    i.USB_OTG_BSP_mDelay  usb_bsp.o
    0x08002a52   0x00000016   Code   RO         2748    i.USB_OTG_BSP_uDelay  usb_bsp.o
    0x08002a68   0x00000080   Code   RO         2838    i.USB_OTG_CoreInit  usb_core.o
    0x08002ae8   0x0000012e   Code   RO         2839    i.USB_OTG_CoreInitDev  usb_core.o
    0x08002c16   0x00000002   PAD
    0x08002c18   0x00000058   Code   RO         2840    i.USB_OTG_CoreReset  usb_core.o
    0x08002c70   0x00000010   Code   RO         2841    i.USB_OTG_DisableGlobalInt  usb_core.o
    0x08002c80   0x0000003a   Code   RO         2842    i.USB_OTG_EP0Activate  usb_core.o
    0x08002cba   0x00000002   PAD
    0x08002cbc   0x000000b6   Code   RO         2843    i.USB_OTG_EP0StartXfer  usb_core.o
    0x08002d72   0x00000002   PAD
    0x08002d74   0x00000024   Code   RO         2844    i.USB_OTG_EP0_OutStart  usb_core.o
    0x08002d98   0x00000052   Code   RO         2845    i.USB_OTG_EPActivate  usb_core.o
    0x08002dea   0x00000032   Code   RO         2846    i.USB_OTG_EPClearStall  usb_core.o
    0x08002e1c   0x00000034   Code   RO         2847    i.USB_OTG_EPDeactivate  usb_core.o
    0x08002e50   0x00000030   Code   RO         2848    i.USB_OTG_EPSetStall  usb_core.o
    0x08002e80   0x00000120   Code   RO         2849    i.USB_OTG_EPStartXfer  usb_core.o
    0x08002fa0   0x00000048   Code   RO         2850    i.USB_OTG_EnableDevInt  usb_core.o
    0x08002fe8   0x00000010   Code   RO         2851    i.USB_OTG_EnableGlobalInt  usb_core.o
    0x08002ff8   0x00000038   Code   RO         2852    i.USB_OTG_FlushRxFifo  usb_core.o
    0x08003030   0x00000040   Code   RO         2853    i.USB_OTG_FlushTxFifo  usb_core.o
    0x08003070   0x00000026   Code   RO         2854    i.USB_OTG_GetDeviceSpeed  usb_core.o
    0x08003096   0x0000000c   Code   RO         2857    i.USB_OTG_InitDevSpeed  usb_core.o
    0x080030a2   0x00000012   Code   RO         2858    i.USB_OTG_IsDeviceMode  usb_core.o
    0x080030b4   0x0000000a   Code   RO         2860    i.USB_OTG_ReadCoreItr  usb_core.o
    0x080030be   0x0000000c   Code   RO         2861    i.USB_OTG_ReadDevAllInEPItr  usb_core.o
    0x080030ca   0x0000000c   Code   RO         2862    i.USB_OTG_ReadDevAllOutEp_itr  usb_core.o
    0x080030d6   0x00000010   Code   RO         2863    i.USB_OTG_ReadDevOutEP_itr  usb_core.o
    0x080030e6   0x00000020   Code   RO         2865    i.USB_OTG_ReadPacket  usb_core.o
    0x08003106   0x00000002   PAD
    0x08003108   0x000000c0   Code   RO         2866    i.USB_OTG_SelectCore  usb_core.o
    0x080031c8   0x0000002a   Code   RO         2867    i.USB_OTG_SetCurrentMode  usb_core.o
    0x080031f2   0x00000028   Code   RO         2871    i.USB_OTG_WritePacket  usb_core.o
    0x0800321a   0x00000002   Code   RO         4434    i.UsageFault_Handler  stm32f4xx_it.o
    0x0800321c   0x00000058   Code   RO         3299    i.VCP_Ctrl          usbd_cdc_vcp.o
    0x08003274   0x0000001a   Code   RO         3300    i.VCP_DataRx        usbd_cdc_vcp.o
    0x0800328e   0x00000002   PAD
    0x08003290   0x00000034   Code   RO         3301    i.VCP_DataTx        usbd_cdc_vcp.o
    0x080032c4   0x00000004   Code   RO         3302    i.VCP_DeInit        usbd_cdc_vcp.o
    0x080032c8   0x00000004   Code   RO         3303    i.VCP_Init          usbd_cdc_vcp.o
    0x080032cc   0x0000007a   Code   RO         4532    i.__hardfp_sqrt     m_wm.l(sqrt.o)
    0x08003346   0x0000000e   Code   RO         4865    i.__scatterload_copy  mc_w.l(handlers.o)
    0x08003354   0x00000002   Code   RO         4866    i.__scatterload_null  mc_w.l(handlers.o)
    0x08003356   0x0000000e   Code   RO         4867    i.__scatterload_zeroinit  mc_w.l(handlers.o)
    0x08003364   0x0000000c   Code   RO         4843    i.__set_errno       mc_w.l(errno.o)
    0x08003370   0x00000010   Code   RO         4190    i.getsample         main.o
    0x08003380   0x0000010c   Code   RO         4191    i.ltsamp            main.o
    0x0800348c   0x00000088   Code   RO         4192    i.main              main.o
    0x08003514   0x000000c8   Code   RO         4193    i.qrs_detect        main.o
    0x080035dc   0x00000090   Code   RO         4195    i.readValue         main.o
    0x0800366c   0x00000048   Code   RO         3213    i.usbd_cdc_DataIn   usbd_cdc_core.o
    0x080036b4   0x00000034   Code   RO         3214    i.usbd_cdc_DataOut  usbd_cdc_core.o
    0x080036e8   0x00000028   Code   RO         3215    i.usbd_cdc_DeInit   usbd_cdc_core.o
    0x08003710   0x00000028   Code   RO         3216    i.usbd_cdc_EP0_RxReady  usbd_cdc_core.o
    0x08003738   0x00000054   Code   RO         3217    i.usbd_cdc_Init     usbd_cdc_core.o
    0x0800378c   0x00000020   Code   RO         3218    i.usbd_cdc_SOF      usbd_cdc_core.o
    0x080037ac   0x000000b4   Code   RO         3219    i.usbd_cdc_Setup    usbd_cdc_core.o
    0x08003860   0x00000030   Code   RO         4196    i.writeReg          main.o
    0x08003890   0x00000020   Data   RO         4863    Region$$Table       anon$$obj.o


    Execution Region RW_IRAM1 (Base: 0x20000000, Size: 0x00002880, Max: 0x00018000, ABSOLUTE, COMPRESSED[0x00000108])

    Base Addr    Size         Type   Attr      Idx    E Section Name        Object

    0x20000000   0x00000010   Data   RW          417    .data               stm32f4xx_rcc.o
    0x20000010   0x0000002c   Data   RW         1600    .data               tm_stm32f4_usart.o
    0x2000003c   0x00000008   Data   RW         2680    .data               tm_stm32f4_gpio.o
    0x20000044   0x0000006b   Data   RW         3222    .data               usbd_cdc_core.o
    0x200000af   0x00000001   PAD
    0x200000b0   0x0000002c   Data   RW         3223    .data               usbd_cdc_core.o
    0x200000dc   0x00000008   Data   RW         3304    .data               usbd_cdc_vcp.o
    0x200000e4   0x00000014   Data   RW         3305    .data               usbd_cdc_vcp.o
    0x200000f8   0x0000002c   Data   RW         3365    .data               usbd_core.o
    0x20000124   0x00000004   Data   RW         3366    .data               usbd_core.o
    0x20000128   0x00000004   Data   RW         3367    .data               usbd_core.o
    0x2000012c   0x0000001c   Data   RW         3453    .data               usbd_desc.o
    0x20000148   0x00000016   Data   RW         3454    .data               usbd_desc.o
    0x2000015e   0x00000002   PAD
    0x20000160   0x00000010   Data   RW         3577    .data               usbd_req.o
    0x20000170   0x00000001   Data   RW         3651    .data               usbd_usr.o
    0x20000171   0x00000003   PAD
    0x20000174   0x0000001c   Data   RW         3652    .data               usbd_usr.o
    0x20000190   0x00000010   Data   RW         3725    .data               tm_stm32f4_usb_vcp.o
    0x200001a0   0x00000010   Data   RW         3827    .data               tm_stm32f4_i2c.o
    0x200001b0   0x00000090   Data   RW         4206    .data               main.o
    0x20000240   0x00000004   Data   RW         4844    .data               mc_w.l(errno.o)
    0x20000244   0x00000020   Zero   RW         1597    .bss                tm_stm32f4_usart.o
    0x20000264   0x00000020   Zero   RW         1598    .bss                tm_stm32f4_usart.o
    0x20000284   0x00000020   Zero   RW         1599    .bss                tm_stm32f4_usart.o
    0x200002a4   0x00000840   Zero   RW         3221    .bss                usbd_cdc_core.o
    0x20000ae4   0x000000ff   Zero   RW         3576    .bss                usbd_req.o
    0x20000be3   0x00000001   PAD
    0x20000be4   0x00000674   Zero   RW         3724    .bss                tm_stm32f4_usb_vcp.o
    0x20001258   0x00001224   Zero   RW         4197    .bss                main.o
    0x2000247c   0x00000004   PAD
    0x20002480   0x00000400   Zero   RW            1    STACK               startup_stm32f401xx.o


==============================================================================

Image component sizes


      Code (inc. data)   RO Data    RW Data    ZI Data      Debug   Object Name

         0          0          0          0          0        644   ff.o
      2060        142          0        144       4644      20393   main.o
       120         14          0          0          0      39567   misc.o
        36          8        392          0       1024       1040   startup_stm32f401xx.o
         0          0          0          0          0     243204   stm32f401_discovery.o
       236         20          0          0          0      17707   stm32f4xx_adc.o
        12          6          0          0          0        649   stm32f4xx_exti.o
       202          0          0          0          0      11815   stm32f4xx_gpio.o
       356         10          0          0          0      15936   stm32f4xx_i2c.o
        18          0          0          0          0       4582   stm32f4xx_it.o
       240         36          0         16          0      21240   stm32f4xx_rcc.o
       190         28          0          0          0      25209   stm32f4xx_tim.o
       268          8          0          0          0      10175   stm32f4xx_usart.o
       268         34          0          0          0       1733   system_stm32f4xx.o
       800        200          0          0          0      10964   tm_stm32f4_adc.o
       296         54          0          8          0       4619   tm_stm32f4_gpio.o
       290         22          0         16          0       3899   tm_stm32f4_i2c.o
       194         26          0         44         96     201228   tm_stm32f4_usart.o
       152         36          0         16       1652       5537   tm_stm32f4_usb_vcp.o
       252         12          0          0          0      26704   usb_bsp.o
      1962         26          0          0          0      22006   usb_core.o
       510          0          0          0          0       6404   usb_dcd.o
      1202         40          0          0          0       7523   usb_dcd_int.o
       616         74          0        151       2112      13896   usbd_cdc_core.o
       174         16          0         28          0       6584   usbd_cdc_vcp.o
       600          4          0         52          0      11022   usbd_core.o
       224        128          0         50          0       6468   usbd_desc.o
       168          0          0          0          0       4780   usbd_ioreq.o
      1118         44          0         16        255       8545   usbd_req.o
        84         28          0         29          0       4727   usbd_usr.o

    ----------------------------------------------------------------------
     12684       1016        424        576       9788     758800   Object Totals
         0          0         32          0          0          0   (incl. Generated)
        36          0          0          6          5          0   (incl. Padding)

    ----------------------------------------------------------------------

      Code (inc. data)   RO Data    RW Data    ZI Data      Debug   Library Member Name

       122          0          0          0          0        148   sqrt.o
        86          0          0          0          0          0   __dczerorl2.o
         0          0          0          0          0          0   entry.o
         0          0          0          0          0          0   entry10a.o
         0          0          0          0          0          0   entry11a.o
         8          4          0          0          0          0   entry2.o
         4          0          0          0          0          0   entry5.o
         0          0          0          0          0          0   entry7b.o
         0          0          0          0          0          0   entry8b.o
         8          4          0          0          0          0   entry9a.o
        12          6          0          4          0         68   errno.o
        30          0          0          0          0          0   handlers.o
        36          8          0          0          0         68   init.o
         0          0          0          0          0          0   iusefp.o
        30          0          0          0          0         68   llshl.o
        36          0          0          0          0         68   llsshr.o
        32          0          0          0          0         68   llushr.o
       334          0          0          0          0        148   dadd.o
       222          0          0          0          0        100   ddiv.o
       182          0          0          0          0        176   depilogue.o
        62          0          0          0          0         80   dfixi.o
        34          0          0          0          0         76   dflti.o
       162          0          0          0          0        100   dsqrt.o

    ----------------------------------------------------------------------
      1404         22          0          4          0       1168   Library Totals
         4          0          0          0          0          0   (incl. Padding)

    ----------------------------------------------------------------------

      Code (inc. data)   RO Data    RW Data    ZI Data      Debug   Library Name

       122          0          0          0          0        148   m_wm.l
       282         22          0          4          0        340   mc_w.l
       996          0          0          0          0        680   mf_w.l

    ----------------------------------------------------------------------
      1404         22          0          4          0       1168   Library Totals

    ----------------------------------------------------------------------

==============================================================================


      Code (inc. data)   RO Data    RW Data    ZI Data      Debug   

     14088       1038        424        580       9788     740636   Grand Totals
     14088       1038        424        264       9788     740636   ELF Image Totals (compressed)
     14088       1038        424        264          0          0   ROM Totals

==============================================================================

    Total RO  Size (Code + RO Data)                14512 (  14.17kB)
    Total RW  Size (RW Data + ZI Data)             10368 (  10.13kB)
    Total ROM Size (Code + RO Data + RW Data)      14776 (  14.43kB)

==============================================================================

