<html>
<body>
<pre>
<h1>µVision Build Log</h1>
<h2>Project:</h2>
Z:\Users\wutingkai\Dropbox\STM32F401-Discovery_FW_V1.0.0\Projects\Peripheral_Examples\GPIO_IOToggle\MDK-ARM\GPIO_IOToggle.uvprojx
Project File Date:  03/27/2015

<h2>Output:</h2>
Rebuild target 'GPIO_IOToggle'
assembling startup_stm32f401xx.s...
compiling stm32f401_discovery.c...
compiling misc.c...
compiling stm32f4xx_gpio.c...
compiling stm32f4xx_rcc.c...
compiling stm32f4xx_exti.c...
compiling stm32f4xx_syscfg.c...
compiling stm32f4xx_usart.c...
compiling stm32f4xx_spi.c...
compiling diskio.c...
compiling ff.c...
compiling SPI_MSD0_Driver.c...
compiling tm_stm32f4_usart.c...
compiling stm32f4xx_adc.c...
compiling stm32f4xx_tim.c...
compiling tm_stm32f4_adc.c...
compiling tm_stm32f4_gpio.c...
compiling usb_bsp.c...
compiling usb_core.c...
compiling usb_dcd.c...
compiling usb_dcd_int.c...
compiling usbd_cdc_core.c...
compiling usbd_cdc_vcp.c...
compiling usbd_core.c...
compiling usbd_desc.c...
compiling usbd_ioreq.c...
compiling usbd_req.c...
compiling usbd_usr.c...
compiling tm_stm32f4_usb_vcp.c...
compiling main.c...
..\main.c(343): warning:  #111-D: statement is unreachable
      return -1;
..\main.c(620): warning:  #550-D: variable "HR_Value" was set but never used
        int HR_Value=60;
..\main.c: 2 warnings, 0 errors
compiling stm32f4xx_it.c...
compiling system_stm32f4xx.c...
linking...
Program Size: Code=10832 RO-data=424 RW-data=520 ZI-data=5144  
".\GPIO_IOToggle\GPIO_IOToggle.axf" - 0 Error(s), 2 Warning(s).
Load "Z:\\Users\\wutingkai\\Dropbox\\STM32F401-Discovery_FW_V1.0.0\\Projects\\Peripheral_Examples\\GPIO_IOToggle\\MDK-ARM\\GPIO_IOToggle\\GPIO_IOToggle.axf" 
Erase Done.
Programming Done.
Verify OK.
Full Chip Erase Done.
</pre>
</body>
</html>
 - 1 Error(s), 3 Warning(s).
Target not created
